Archive member included to satisfy reference by file (symbol)

C:/ST/STM32CubeIDE_1.19.0/STM32CubeIDE/plugins/com.st.stm32cube.ide.mcu.externaltools.gnu-tools-for-stm32.13.3.rel1.win32_1.0.0.202411081344/tools/bin/../lib/gcc/arm-none-eabi/13.3.1/../../../../arm-none-eabi/lib/thumb/v7e-m+fp/hard\libc_nano.a(libc_a-exit.o)
                              C:/ST/STM32CubeIDE_1.19.0/STM32CubeIDE/plugins/com.st.stm32cube.ide.mcu.externaltools.gnu-tools-for-stm32.13.3.rel1.win32_1.0.0.202411081344/tools/bin/../lib/gcc/arm-none-eabi/13.3.1/../../../../arm-none-eabi/lib/thumb/v7e-m+fp/hard/crt0.o (exit)
C:/ST/STM32CubeIDE_1.19.0/STM32CubeIDE/plugins/com.st.stm32cube.ide.mcu.externaltools.gnu-tools-for-stm32.13.3.rel1.win32_1.0.0.202411081344/tools/bin/../lib/gcc/arm-none-eabi/13.3.1/../../../../arm-none-eabi/lib/thumb/v7e-m+fp/hard\libc_nano.a(libc_a-findfp.o)
                              C:/ST/STM32CubeIDE_1.19.0/STM32CubeIDE/plugins/com.st.stm32cube.ide.mcu.externaltools.gnu-tools-for-stm32.13.3.rel1.win32_1.0.0.202411081344/tools/bin/../lib/gcc/arm-none-eabi/13.3.1/../../../../arm-none-eabi/lib/thumb/v7e-m+fp/hard\libc_nano.a(libc_a-exit.o) (__stdio_exit_handler)
C:/ST/STM32CubeIDE_1.19.0/STM32CubeIDE/plugins/com.st.stm32cube.ide.mcu.externaltools.gnu-tools-for-stm32.13.3.rel1.win32_1.0.0.202411081344/tools/bin/../lib/gcc/arm-none-eabi/13.3.1/../../../../arm-none-eabi/lib/thumb/v7e-m+fp/hard\libc_nano.a(libc_a-fwalk.o)
                              C:/ST/STM32CubeIDE_1.19.0/STM32CubeIDE/plugins/com.st.stm32cube.ide.mcu.externaltools.gnu-tools-for-stm32.13.3.rel1.win32_1.0.0.202411081344/tools/bin/../lib/gcc/arm-none-eabi/13.3.1/../../../../arm-none-eabi/lib/thumb/v7e-m+fp/hard\libc_nano.a(libc_a-findfp.o) (_fwalk_sglue)
C:/ST/STM32CubeIDE_1.19.0/STM32CubeIDE/plugins/com.st.stm32cube.ide.mcu.externaltools.gnu-tools-for-stm32.13.3.rel1.win32_1.0.0.202411081344/tools/bin/../lib/gcc/arm-none-eabi/13.3.1/../../../../arm-none-eabi/lib/thumb/v7e-m+fp/hard\libc_nano.a(libc_a-sprintf.o)
                              ./Core/Src/main.o (sprintf)
C:/ST/STM32CubeIDE_1.19.0/STM32CubeIDE/plugins/com.st.stm32cube.ide.mcu.externaltools.gnu-tools-for-stm32.13.3.rel1.win32_1.0.0.202411081344/tools/bin/../lib/gcc/arm-none-eabi/13.3.1/../../../../arm-none-eabi/lib/thumb/v7e-m+fp/hard\libc_nano.a(libc_a-stdio.o)
                              C:/ST/STM32CubeIDE_1.19.0/STM32CubeIDE/plugins/com.st.stm32cube.ide.mcu.externaltools.gnu-tools-for-stm32.13.3.rel1.win32_1.0.0.202411081344/tools/bin/../lib/gcc/arm-none-eabi/13.3.1/../../../../arm-none-eabi/lib/thumb/v7e-m+fp/hard\libc_nano.a(libc_a-findfp.o) (__sread)
C:/ST/STM32CubeIDE_1.19.0/STM32CubeIDE/plugins/com.st.stm32cube.ide.mcu.externaltools.gnu-tools-for-stm32.13.3.rel1.win32_1.0.0.202411081344/tools/bin/../lib/gcc/arm-none-eabi/13.3.1/../../../../arm-none-eabi/lib/thumb/v7e-m+fp/hard\libc_nano.a(libc_a-memset.o)
                              C:/ST/STM32CubeIDE_1.19.0/STM32CubeIDE/plugins/com.st.stm32cube.ide.mcu.externaltools.gnu-tools-for-stm32.13.3.rel1.win32_1.0.0.202411081344/tools/bin/../lib/gcc/arm-none-eabi/13.3.1/../../../../arm-none-eabi/lib/thumb/v7e-m+fp/hard/crt0.o (memset)
C:/ST/STM32CubeIDE_1.19.0/STM32CubeIDE/plugins/com.st.stm32cube.ide.mcu.externaltools.gnu-tools-for-stm32.13.3.rel1.win32_1.0.0.202411081344/tools/bin/../lib/gcc/arm-none-eabi/13.3.1/../../../../arm-none-eabi/lib/thumb/v7e-m+fp/hard\libc_nano.a(libc_a-closer.o)
                              C:/ST/STM32CubeIDE_1.19.0/STM32CubeIDE/plugins/com.st.stm32cube.ide.mcu.externaltools.gnu-tools-for-stm32.13.3.rel1.win32_1.0.0.202411081344/tools/bin/../lib/gcc/arm-none-eabi/13.3.1/../../../../arm-none-eabi/lib/thumb/v7e-m+fp/hard\libc_nano.a(libc_a-stdio.o) (_close_r)
C:/ST/STM32CubeIDE_1.19.0/STM32CubeIDE/plugins/com.st.stm32cube.ide.mcu.externaltools.gnu-tools-for-stm32.13.3.rel1.win32_1.0.0.202411081344/tools/bin/../lib/gcc/arm-none-eabi/13.3.1/../../../../arm-none-eabi/lib/thumb/v7e-m+fp/hard\libc_nano.a(libc_a-reent.o)
                              C:/ST/STM32CubeIDE_1.19.0/STM32CubeIDE/plugins/com.st.stm32cube.ide.mcu.externaltools.gnu-tools-for-stm32.13.3.rel1.win32_1.0.0.202411081344/tools/bin/../lib/gcc/arm-none-eabi/13.3.1/../../../../arm-none-eabi/lib/thumb/v7e-m+fp/hard\libc_nano.a(libc_a-closer.o) (errno)
C:/ST/STM32CubeIDE_1.19.0/STM32CubeIDE/plugins/com.st.stm32cube.ide.mcu.externaltools.gnu-tools-for-stm32.13.3.rel1.win32_1.0.0.202411081344/tools/bin/../lib/gcc/arm-none-eabi/13.3.1/../../../../arm-none-eabi/lib/thumb/v7e-m+fp/hard\libc_nano.a(libc_a-impure.o)
                              C:/ST/STM32CubeIDE_1.19.0/STM32CubeIDE/plugins/com.st.stm32cube.ide.mcu.externaltools.gnu-tools-for-stm32.13.3.rel1.win32_1.0.0.202411081344/tools/bin/../lib/gcc/arm-none-eabi/13.3.1/../../../../arm-none-eabi/lib/thumb/v7e-m+fp/hard\libc_nano.a(libc_a-sprintf.o) (_impure_ptr)
[...]
Memory Configuration

Name             Origin             Length             Attributes
RAM              0x20000000         0x00020000         xrw
FLASH            0x08000000         0x00080000         xr
*default*        0x00000000         0xffffffff

Linker script and memory map

LOAD C:/ST/STM32CubeIDE_1.19.0/STM32CubeIDE/plugins/com.st.stm32cube.ide.mcu.externaltools.gnu-tools-for-stm32.13.3.rel1.win32_1.0.0.202411081344/tools/bin/../lib/gcc/arm-none-eabi/13.3.1/thumb/v7e-m+fp/hard/crti.o
LOAD C:/ST/STM32CubeIDE_1.19.0/STM32CubeIDE/plugins/com.st.stm32cube.ide.mcu.externaltools.gnu-tools-for-stm32.13.3.rel1.win32_1.0.0.202411081344/tools/bin/../lib/gcc/arm-none-eabi/13.3.1/thumb/v7e-m+fp/hard/crtbegin.o
LOAD C:/ST/STM32CubeIDE_1.19.0/STM32CubeIDE/plugins/com.st.stm32cube.ide.mcu.externaltools.gnu-tools-for-stm32.13.3.rel1.win32_1.0.0.202411081344/tools/bin/../lib/gcc/arm-none-eabi/13.3.1/../../../../arm-none-eabi/lib/thumb/v7e-m+fp/hard/crt0.o
LOAD ./Core/Src/fatfs_sd.o
LOAD ./Core/Src/main.o
LOAD ./Core/Src/stm32f4xx_hal_msp.o
LOAD ./Core/Src/stm32f4xx_it.o
LOAD ./Core/Src/syscalls.o
LOAD ./Core/Src/sysmem.o
LOAD ./Core/Src/system_stm32f4xx.o
LOAD ./Core/Startup/startup_stm32f446retx.o
LOAD ./Drivers/STM32F4xx_HAL_Driver/Src/stm32f4xx_hal.o
LOAD ./Drivers/STM32F4xx_HAL_Driver/Src/stm32f4xx_hal_cortex.o
LOAD ./Drivers/STM32F4xx_HAL_Driver/Src/stm32f4xx_hal_dma.o
LOAD ./Drivers/STM32F4xx_HAL_Driver/Src/stm32f4xx_hal_dma_ex.o
LOAD ./Drivers/STM32F4xx_HAL_Driver/Src/stm32f4xx_hal_exti.o
LOAD ./Drivers/STM32F4xx_HAL_Driver/Src/stm32f4xx_hal_flash.o
LOAD ./Drivers/STM32F4xx_HAL_Driver/Src/stm32f4xx_hal_flash_ex.o
LOAD ./Drivers/STM32F4xx_HAL_Driver/Src/stm32f4xx_hal_flash_ramfunc.o
LOAD ./Drivers/STM32F4xx_HAL_Driver/Src/stm32f4xx_hal_gpio.o
LOAD ./Drivers/STM32F4xx_HAL_Driver/Src/stm32f4xx_hal_pwr.o
LOAD ./Drivers/STM32F4xx_HAL_Driver/Src/stm32f4xx_hal_pwr_ex.o
LOAD ./Drivers/STM32F4xx_HAL_Driver/Src/stm32f4xx_hal_rcc.o
LOAD ./Drivers/STM32F4xx_HAL_Driver/Src/stm32f4xx_hal_rcc_ex.o
LOAD ./Drivers/STM32F4xx_HAL_Driver/Src/stm32f4xx_hal_spi.o
LOAD ./Drivers/STM32F4xx_HAL_Driver/Src/stm32f4xx_hal_uart.o
LOAD ./FATFS/App/fatfs.o
LOAD ./FATFS/Target/user_diskio.o
LOAD ./Middlewares/Third_Party/FatFs/src/diskio.o
LOAD ./Middlewares/Third_Party/FatFs/src/ff.o
LOAD ./Middlewares/Third_Party/FatFs/src/ff_gen_drv.o
LOAD ./Middlewares/Third_Party/FatFs/src/option/ccsbcs.o
LOAD ./Middlewares/Third_Party/FatFs/src/option/syscall.o
START GROUP
LOAD C:/ST/STM32CubeIDE_1.19.0/STM32CubeIDE/plugins/com.st.stm32cube.ide.mcu.externaltools.gnu-tools-for-stm32.13.3.rel1.win32_1.0.0.202411081344/tools/bin/../lib/gcc/arm-none-eabi/13.3.1/../../../../arm-none-eabi/lib/thumb/v7e-m+fp/hard\libc_nano.a
LOAD C:/ST/STM32CubeIDE_1.19.0/STM32CubeIDE/plugins/com.st.stm32cube.ide.mcu.externaltools.gnu-tools-for-stm32.13.3.rel1.win32_1.0.0.202411081344/tools/bin/../lib/gcc/arm-none-eabi/13.3.1/../../../../arm-none-eabi/lib/thumb/v7e-m+fp/hard\libm.a
END GROUP
START GROUP
LOAD C:/ST/STM32CubeIDE_1.19.0/STM32CubeIDE/plugins/com.st.stm32cube.ide.mcu.externaltools.gnu-tools-for-stm32.13.3.rel1.win32_1.0.0.202411081344/tools/bin/../lib/gcc/arm-none-eabi/13.3.1/thumb/v7e-m+fp/hard\libgcc.a
LOAD C:/ST/STM32CubeIDE_1.19.0/STM32CubeIDE/plugins/com.st.stm32cube.ide.mcu.externaltools.gnu-tools-for-stm32.13.3.rel1.win32_1.0.0.202411081344/tools/bin/../lib/gcc/arm-none-eabi/13.3.1/../../../../arm-none-eabi/lib/thumb/v7e-m+fp/hard\libc_nano.a
END GROUP
START GROUP
LOAD C:/ST/STM32CubeIDE_1.19.0/STM32CubeIDE/plugins/com.st.stm32cube.ide.mcu.externaltools.gnu-tools-for-stm32.13.3.rel1.win32_1.0.0.202411081344/tools/bin/../lib/gcc/arm-none-eabi/13.3.1/thumb/v7e-m+fp/hard\libgcc.a
LOAD C:/ST/STM32CubeIDE_1.19.0/STM32CubeIDE/plugins/com.st.stm32cube.ide.mcu.externaltools.gnu-tools-for-stm32.13.3.rel1.win32_1.0.0.202411081344/tools/bin/../lib/gcc/arm-none-eabi/13.3.1/../../../../arm-none-eabi/lib/thumb/v7e-m+fp/hard\libc_nano.a
LOAD C:/ST/STM32CubeIDE_1.19.0/STM32CubeIDE/plugins/com.st.stm32cube.ide.mcu.externaltools.gnu-tools-for-stm32.13.3.rel1.win32_1.0.0.202411081344/tools/bin/../lib/gcc/arm-none-eabi/13.3.1/../../../../arm-none-eabi/lib/thumb/v7e-m+fp/hard\libnosys.a
END GROUP
START GROUP
LOAD C:/ST/STM32CubeIDE_1.19.0/STM32CubeIDE/plugins/com.st.stm32cube.ide.mcu.externaltools.gnu-tools-for-stm32.13.3.rel1.win32_1.0.0.202411081344/tools/bin/../lib/gcc/arm-none-eabi/13.3.1/thumb/v7e-m+fp/hard\libgcc.a
LOAD C:/ST/STM32CubeIDE_1.19.0/STM32CubeIDE/plugins/com.st.stm32cube.ide.mcu.externaltools.gnu-tools-for-stm32.13.3.rel1.win32_1.0.0.202411081344/tools/bin/../lib/gcc/arm-none-eabi/13.3.1/../../../../arm-none-eabi/lib/thumb/v7e-m+fp/hard\libc_nano.a
LOAD C:/ST/STM32CubeIDE_1.19.0/STM32CubeIDE/plugins/com.st.stm32cube.ide.mcu.externaltools.gnu-tools-for-stm32.13.3.rel1.win32_1.0.0.202411081344/tools/bin/../lib/gcc/arm-none-eabi/13.3.1/../../../../arm-none-eabi/lib/thumb/v7e-m+fp/hard\libnosys.a
END GROUP
LOAD C:/ST/STM32CubeIDE_1.19.0/STM32CubeIDE/plugins/com.st.stm32cube.ide.mcu.externaltools.gnu-tools-for-stm32.13.3.rel1.win32_1.0.0.202411081344/tools/bin/../lib/gcc/arm-none-eabi/13.3.1/thumb/v7e-m+fp/hard/crtend.o
LOAD C:/ST/STM32CubeIDE_1.19.0/STM32CubeIDE/plugins/com.st.stm32cube.ide.mcu.externaltools.gnu-tools-for-stm32.13.3.rel1.win32_1.0.0.202411081344/tools/bin/../lib/gcc/arm-none-eabi/13.3.1/thumb/v7e-m+fp/hard/crtn.o
                0x20020000                        _estack = (ORIGIN (RAM) + LENGTH (RAM))
                0x00000200                        _Min_Heap_Size = 0x200
                0x00000400                        _Min_Stack_Size = 0x400

.isr_vector     0x08000000      0x1c4
                0x08000000                        . = ALIGN (0x4)
 *(.isr_vector)
 .isr_vector    0x08000000      0x1c4 ./Core/Startup/startup_stm32f446retx.o
                0x08000000                g_pfnVectors
                0x080001c4                        . = ALIGN (0x4)

.text           0x080001d0     0x7e48
                0x080001d0                        . = ALIGN (0x4)
 *(.text)
 .text          0x080001d0       0x40 C:/ST/STM32CubeIDE_1.19.0/STM32CubeIDE/plugins/com.st.stm32cube.ide.mcu.externaltools.gnu-tools-for-stm32.13.3.rel1.win32_1.0.0.202411081344/tools/bin/../lib/gcc/arm-none-eabi/13.3.1/thumb/v7e-m+fp/hard/crtbegin.o
 .text          0x08000210       0x10 C:/ST/STM32CubeIDE_1.19.0/STM32CubeIDE/plugins/com.st.stm32cube.ide.mcu.externaltools.gnu-tools-for-stm32.13.3.rel1.win32_1.0.0.202411081344/tools/bin/../lib/gcc/arm-none-eabi/13.3.1/../../../../arm-none-eabi/lib/thumb/v7e-m+fp/hard\libc_nano.a(libc_a-strlen.o)
                0x08000210                strlen
 .text          0x08000220       0xa0 C:/ST/STM32CubeIDE_1.19.0/STM32CubeIDE/plugins/com.st.stm32cube.ide.mcu.externaltools.gnu-tools-for-stm32.13.3.rel1.win32_1.0.0.202411081344/tools/bin/../lib/gcc/arm-none-eabi/13.3.1/../../../../arm-none-eabi/lib/thumb/v7e-m+fp/hard\libc_nano.a(libc_a-memchr.o)
                0x08000220                memchr
 .text          0x080002c0       0x30 C:/ST/STM32CubeIDE_1.19.0/STM32CubeIDE/plugins/com.st.stm32cube.ide.mcu.externaltools.gnu-tools-for-stm32.13.3.rel1.win32_1.0.0.202411081344/tools/bin/../lib/gcc/arm-none-eabi/13.3.1/thumb/v7e-m+fp/hard\libgcc.a(_aeabi_uldivmod.o)
                0x080002c0                __aeabi_uldivmod
 .text          0x080002f0      0x2f8 C:/ST/STM32CubeIDE_1.19.0/STM32CubeIDE/plugins/com.st.stm32cube.ide.mcu.externaltools.gnu-tools-for-stm32.13.3.rel1.win32_1.0.0.202411081344/tools/bin/../lib/gcc/arm-none-eabi/13.3.1/thumb/v7e-m+fp/hard\libgcc.a(_udivmoddi4.o)
                0x080002f0                __udivmoddi4
 .text          0x080005e8        0x4 C:/ST/STM32CubeIDE_1.19.0/STM32CubeIDE/plugins/com.st.stm32cube.ide.mcu.externaltools.gnu-tools-for-stm32.13.3.rel1.win32_1.0.0.202411081344/tools/bin/../lib/gcc/arm-none-eabi/13.3.1/thumb/v7e-m+fp/hard\libgcc.a(_dvmd_tls.o)
                0x080005e8                __aeabi_idiv0
                0x080005e8                __aeabi_ldiv0
 *(.text*)
 .text.SELECT   0x080005ec       0x1c ./Core/Src/fatfs_sd.o
 .text.DESELECT
                0x08000608       0x1c ./Core/Src/fatfs_sd.o
 .text.SPI_TxByte
                0x08000624       0x34 ./Core/Src/fatfs_sd.o
 .text.SPI_TxBuffer
                0x08000658       0x34 ./Core/Src/fatfs_sd.o
 .text.SPI_RxByte
                0x0800068c       0x38 ./Core/Src/fatfs_sd.o
 .text.SPI_RxBytePtr
                0x080006c4       0x1c ./Core/Src/fatfs_sd.o
 .text.SD_ReadyWait
                0x080006e0       0x34 ./Core/Src/fatfs_sd.o
 .text.SD_PowerOn
                0x08000714       0x84 ./Core/Src/fatfs_sd.o
 .text.SD_PowerOff
                0x08000798       0x18 ./Core/Src/fatfs_sd.o
 .text.SD_CheckPower
                0x080007b0       0x18 ./Core/Src/fatfs_sd.o
 .text.SD_RxDataBlock
                0x080007c8       0x60 ./Core/Src/fatfs_sd.o
 .text.SD_TxDataBlock
                0x08000828       0xa0 ./Core/Src/fatfs_sd.o
 .text.SD_SendCmd
                0x080008c8       0xa8 ./Core/Src/fatfs_sd.o
 .text.SD_disk_initialize
                0x08000970      0x1d8 ./Core/Src/fatfs_sd.o
                0x08000970                SD_disk_initialize
 .text.SD_disk_status
                0x08000b48       0x2c ./Core/Src/fatfs_sd.o
                0x08000b48                SD_disk_status
 .text.SD_disk_read
                0x08000b74       0xd4 ./Core/Src/fatfs_sd.o
                0x08000b74                SD_disk_read
 .text.SD_disk_write
                0x08000c48      0x108 ./Core/Src/fatfs_sd.o
                0x08000c48                SD_disk_write
 .text.SD_disk_ioctl
                0x08000d50      0x25c ./Core/Src/fatfs_sd.o
                0x08000d50                SD_disk_ioctl
 .text.main     0x08000fac       0xe0 ./Core/Src/main.o
                0x08000fac                main
 .text.SystemClock_Config
                0x0800108c       0xdc ./Core/Src/main.o
                0x0800108c                SystemClock_Config
 .text.MX_SPI1_Init
                0x08001168       0x6c ./Core/Src/main.o
 .text.MX_USART2_UART_Init
                0x080011d4       0x54 ./Core/Src/main.o
 .text.MX_GPIO_Init
                0x08001228       0xdc ./Core/Src/main.o
 .text.transmit_uart
                0x08001304       0x40 ./Core/Src/main.o
                0x08001304                transmit_uart
 .text.transmit_uart_n
                0x08001344       0x30 ./Core/Src/main.o
                0x08001344                transmit_uart_n
 .text.enviar_gojo
                0x08001374      0x12c ./Core/Src/main.o
                0x08001374                enviar_gojo
 .text.enviar_asta
                0x080014a0      0x118 ./Core/Src/main.o
                0x080014a0                enviar_asta
 .text.enviar_senku
                0x080015b8      0x118 ./Core/Src/main.o
                0x080015b8                enviar_senku
 .text.HAL_UART_RxCpltCallback
                0x080016d0       0x24 ./Core/Src/main.o
                0x080016d0                HAL_UART_RxCpltCallback
 .text.Error_Handler
                0x080016f4        0xc ./Core/Src/main.o
                0x080016f4                Error_Handler
 .text.HAL_MspInit
                0x08001700       0x50 ./Core/Src/stm32f4xx_hal_msp.o
                0x08001700                HAL_MspInit
 .text.HAL_SPI_MspInit
                0x08001750       0x90 ./Core/Src/stm32f4xx_hal_msp.o
                0x08001750                HAL_SPI_MspInit
 .text.HAL_UART_MspInit
                0x080017e0       0xa0 ./Core/Src/stm32f4xx_hal_msp.o
                0x080017e0                HAL_UART_MspInit
 .text.NMI_Handler
                0x08001880        0x8 ./Core/Src/stm32f4xx_it.o
                0x08001880                NMI_Handler
 .text.HardFault_Handler
                0x08001888        0x8 ./Core/Src/stm32f4xx_it.o
                0x08001888                HardFault_Handler
 .text.MemManage_Handler
                0x08001890        0x8 ./Core/Src/stm32f4xx_it.o
                0x08001890                MemManage_Handler
 .text.BusFault_Handler
                0x08001898        0x8 ./Core/Src/stm32f4xx_it.o
                0x08001898                BusFault_Handler
 .text.UsageFault_Handler
                0x080018a0        0x8 ./Core/Src/stm32f4xx_it.o
                0x080018a0                UsageFault_Handler
 .text.SVC_Handler
                0x080018a8        0xe ./Core/Src/stm32f4xx_it.o
                0x080018a8                SVC_Handler
 .text.DebugMon_Handler
                0x080018b6        0xe ./Core/Src/stm32f4xx_it.o
                0x080018b6                DebugMon_Handler
 .text.PendSV_Handler
                0x080018c4        0xe ./Core/Src/stm32f4xx_it.o
                0x080018c4                PendSV_Handler
 *fill*         0x080018d2        0x2 
 .text.SysTick_Handler
                0x080018d4       0x40 ./Core/Src/stm32f4xx_it.o
                0x080018d4                SysTick_Handler
 .text.USART2_IRQHandler
                0x08001914       0x14 ./Core/Src/stm32f4xx_it.o
                0x08001914                USART2_IRQHandler
 .text._sbrk    0x08001928       0x6c ./Core/Src/sysmem.o
                0x08001928                _sbrk
 .text.SystemInit
                0x08001994       0x24 ./Core/Src/system_stm32f4xx.o
                0x08001994                SystemInit
 .text.Reset_Handler
                0x080019b8       0x50 ./Core/Startup/startup_stm32f446retx.o
                0x080019b8                Reset_Handler
 .text.Default_Handler
                0x08001a08        0x2 ./Core/Startup/startup_stm32f446retx.o
                0x08001a08                RTC_Alarm_IRQHandler
                0x08001a08                EXTI2_IRQHandler
                0x08001a08                TIM8_CC_IRQHandler
                0x08001a08                FMPI2C1_EV_IRQHandler
                0x08001a08                SPI4_IRQHandler
                0x08001a08                TIM1_CC_IRQHandler
                0x08001a08                DMA2_Stream5_IRQHandler
                0x08001a08                DMA1_Stream5_IRQHandler
                0x08001a08                PVD_IRQHandler
                0x08001a08                SDIO_IRQHandler
                0x08001a08                TAMP_STAMP_IRQHandler
                0x08001a08                CAN2_RX1_IRQHandler
                0x08001a08                EXTI3_IRQHandler
                0x08001a08                TIM8_TRG_COM_TIM14_IRQHandler
                0x08001a08                TIM1_UP_TIM10_IRQHandler
                0x08001a08                TIM8_UP_TIM13_IRQHandler
                0x08001a08                I2C3_ER_IRQHandler
                0x08001a08                EXTI0_IRQHandler
                0x08001a08                I2C2_EV_IRQHandler
                0x08001a08                DMA1_Stream2_IRQHandler
                0x08001a08                CAN1_RX0_IRQHandler
                0x08001a08                FPU_IRQHandler
                0x08001a08                OTG_HS_WKUP_IRQHandler
                0x08001a08                CAN2_SCE_IRQHandler
                0x08001a08                DMA2_Stream2_IRQHandler
                0x08001a08                SPI1_IRQHandler
                0x08001a08                TIM6_DAC_IRQHandler
                0x08001a08                TIM1_BRK_TIM9_IRQHandler
                0x08001a08                DCMI_IRQHandler
                0x08001a08                CAN2_RX0_IRQHandler
                0x08001a08                DMA2_Stream3_IRQHandler
                0x08001a08                SAI2_IRQHandler
                0x08001a08                USART6_IRQHandler
                0x08001a08                USART3_IRQHandler
                0x08001a08                CAN1_RX1_IRQHandler
                0x08001a08                UART5_IRQHandler
                0x08001a08                DMA2_Stream0_IRQHandler
                0x08001a08                TIM4_IRQHandler
                0x08001a08                QUADSPI_IRQHandler
                0x08001a08                I2C1_EV_IRQHandler
                0x08001a08                DMA1_Stream6_IRQHandler
                0x08001a08                DMA1_Stream1_IRQHandler
                0x08001a08                UART4_IRQHandler
                0x08001a08                TIM3_IRQHandler
                0x08001a08                RCC_IRQHandler
                0x08001a08                TIM8_BRK_TIM12_IRQHandler
                0x08001a08                Default_Handler
                0x08001a08                CEC_IRQHandler
                0x08001a08                EXTI15_10_IRQHandler
                0x08001a08                ADC_IRQHandler
                0x08001a08                DMA1_Stream7_IRQHandler
                0x08001a08                TIM7_IRQHandler
                0x08001a08                CAN2_TX_IRQHandler
                0x08001a08                TIM5_IRQHandler
                0x08001a08                DMA2_Stream7_IRQHandler
                0x08001a08                I2C3_EV_IRQHandler
                0x08001a08                EXTI9_5_IRQHandler
                0x08001a08                RTC_WKUP_IRQHandler
                0x08001a08                SPDIF_RX_IRQHandler
                0x08001a08                SPI2_IRQHandler
                0x08001a08                OTG_HS_EP1_IN_IRQHandler
                0x08001a08                DMA1_Stream0_IRQHandler
                0x08001a08                CAN1_TX_IRQHandler
                0x08001a08                FMPI2C1_ER_IRQHandler
                0x08001a08                EXTI4_IRQHandler
                0x08001a08                OTG_HS_EP1_OUT_IRQHandler
                0x08001a08                WWDG_IRQHandler
                0x08001a08                TIM2_IRQHandler
                0x08001a08                OTG_FS_WKUP_IRQHandler
                0x08001a08                TIM1_TRG_COM_TIM11_IRQHandler
                0x08001a08                OTG_HS_IRQHandler
                0x08001a08                EXTI1_IRQHandler
                0x08001a08                I2C2_ER_IRQHandler
                0x08001a08                DMA2_Stream1_IRQHandler
                0x08001a08                CAN1_SCE_IRQHandler
                0x08001a08                FLASH_IRQHandler
                0x08001a08                DMA2_Stream4_IRQHandler
                0x08001a08                USART1_IRQHandler
                0x08001a08                OTG_FS_IRQHandler
                0x08001a08                SPI3_IRQHandler
                0x08001a08                DMA1_Stream4_IRQHandler
                0x08001a08                I2C1_ER_IRQHandler
                0x08001a08                FMC_IRQHandler
                0x08001a08                DMA2_Stream6_IRQHandler
                0x08001a08                SAI1_IRQHandler
                0x08001a08                DMA1_Stream3_IRQHandler
 *fill*         0x08001a0a        0x2 
 .text.HAL_Init
                0x08001a0c       0x44 ./Drivers/STM32F4xx_HAL_Driver/Src/stm32f4xx_hal.o
                0x08001a0c                HAL_Init
 .text.HAL_InitTick
                0x08001a50       0x60 ./Drivers/STM32F4xx_HAL_Driver/Src/stm32f4xx_hal.o
                0x08001a50                HAL_InitTick
 .text.HAL_IncTick
                0x08001ab0       0x28 ./Drivers/STM32F4xx_HAL_Driver/Src/stm32f4xx_hal.o
                0x08001ab0                HAL_IncTick
 .text.HAL_GetTick
                0x08001ad8       0x18 ./Drivers/STM32F4xx_HAL_Driver/Src/stm32f4xx_hal.o
                0x08001ad8                HAL_GetTick
 .text.HAL_Delay
                0x08001af0       0x48 ./Drivers/STM32F4xx_HAL_Driver/Src/stm32f4xx_hal.o
                0x08001af0                HAL_Delay
 .text.__NVIC_SetPriorityGrouping
                0x08001b38       0x48 ./Drivers/STM32F4xx_HAL_Driver/Src/stm32f4xx_hal_cortex.o
 .text.__NVIC_GetPriorityGrouping
                0x08001b80       0x1c ./Drivers/STM32F4xx_HAL_Driver/Src/stm32f4xx_hal_cortex.o
 .text.__NVIC_EnableIRQ
                0x08001b9c       0x3c ./Drivers/STM32F4xx_HAL_Driver/Src/stm32f4xx_hal_cortex.o
 .text.__NVIC_SetPriority
                0x08001bd8       0x54 ./Drivers/STM32F4xx_HAL_Driver/Src/stm32f4xx_hal_cortex.o
 .text.NVIC_EncodePriority
                0x08001c2c       0x66 ./Drivers/STM32F4xx_HAL_Driver/Src/stm32f4xx_hal_cortex.o
 *fill*         0x08001c92        0x2 
 .text.SysTick_Config
                0x08001c94       0x44 ./Drivers/STM32F4xx_HAL_Driver/Src/stm32f4xx_hal_cortex.o
 .text.HAL_NVIC_SetPriorityGrouping
                0x08001cd8       0x16 ./Drivers/STM32F4xx_HAL_Driver/Src/stm32f4xx_hal_cortex.o
                0x08001cd8                HAL_NVIC_SetPriorityGrouping
 .text.HAL_NVIC_SetPriority
                0x08001cee       0x38 ./Drivers/STM32F4xx_HAL_Driver/Src/stm32f4xx_hal_cortex.o
                0x08001cee                HAL_NVIC_SetPriority
 .text.HAL_NVIC_EnableIRQ
                0x08001d26       0x1c ./Drivers/STM32F4xx_HAL_Driver/Src/stm32f4xx_hal_cortex.o
                0x08001d26                HAL_NVIC_EnableIRQ
 .text.HAL_SYSTICK_Config
                0x08001d42       0x18 ./Drivers/STM32F4xx_HAL_Driver/Src/stm32f4xx_hal_cortex.o
                0x08001d42                HAL_SYSTICK_Config
 .text.HAL_SYSTICK_IRQHandler
                0x08001d5a        0xc ./Drivers/STM32F4xx_HAL_Driver/Src/stm32f4xx_hal_cortex.o
                0x08001d5a                HAL_SYSTICK_IRQHandler
 .text.HAL_SYSTICK_Callback
                0x08001d66        0xe ./Drivers/STM32F4xx_HAL_Driver/Src/stm32f4xx_hal_cortex.o
                0x08001d66                HAL_SYSTICK_Callback
 .text.HAL_DMA_Abort
                0x08001d74       0xe0 ./Drivers/STM32F4xx_HAL_Driver/Src/stm32f4xx_hal_dma.o
                0x08001d74                HAL_DMA_Abort
 .text.HAL_DMA_Abort_IT
                0x08001e54       0x44 ./Drivers/STM32F4xx_HAL_Driver/Src/stm32f4xx_hal_dma.o
                0x08001e54                HAL_DMA_Abort_IT
 .text.HAL_GPIO_Init
                0x08001e98      0x328 ./Drivers/STM32F4xx_HAL_Driver/Src/stm32f4xx_hal_gpio.o
                0x08001e98                HAL_GPIO_Init
 .text.HAL_GPIO_WritePin
                0x080021c0       0x32 ./Drivers/STM32F4xx_HAL_Driver/Src/stm32f4xx_hal_gpio.o
                0x080021c0                HAL_GPIO_WritePin
 *fill*         0x080021f2        0x2 
 .text.HAL_RCC_ClockConfig
                0x080021f4      0x1cc ./Drivers/STM32F4xx_HAL_Driver/Src/stm32f4xx_hal_rcc.o
                0x080021f4                HAL_RCC_ClockConfig
 .text.HAL_RCC_GetHCLKFreq
                0x080023c0       0x18 ./Drivers/STM32F4xx_HAL_Driver/Src/stm32f4xx_hal_rcc.o
                0x080023c0                HAL_RCC_GetHCLKFreq
 .text.HAL_RCC_GetPCLK1Freq
                0x080023d8       0x28 ./Drivers/STM32F4xx_HAL_Driver/Src/stm32f4xx_hal_rcc.o
                0x080023d8                HAL_RCC_GetPCLK1Freq
 .text.HAL_RCC_GetPCLK2Freq
                0x08002400       0x28 ./Drivers/STM32F4xx_HAL_Driver/Src/stm32f4xx_hal_rcc.o
                0x08002400                HAL_RCC_GetPCLK2Freq
 .text.HAL_RCC_GetSysClockFreq
                0x08002428      0x460 ./Drivers/STM32F4xx_HAL_Driver/Src/stm32f4xx_hal_rcc_ex.o
                0x08002428                HAL_RCC_GetSysClockFreq
 .text.HAL_RCC_OscConfig
                0x08002888      0x53c ./Drivers/STM32F4xx_HAL_Driver/Src/stm32f4xx_hal_rcc_ex.o
                0x08002888                HAL_RCC_OscConfig
 .text.HAL_SPI_Init
                0x08002dc4      0x112 ./Drivers/STM32F4xx_HAL_Driver/Src/stm32f4xx_hal_spi.o
                0x08002dc4                HAL_SPI_Init
 .text.HAL_SPI_Transmit
                0x08002ed6      0x288 ./Drivers/STM32F4xx_HAL_Driver/Src/stm32f4xx_hal_spi.o
                0x08002ed6                HAL_SPI_Transmit
 .text.HAL_SPI_TransmitReceive
                0x0800315e      0x352 ./Drivers/STM32F4xx_HAL_Driver/Src/stm32f4xx_hal_spi.o
                0x0800315e                HAL_SPI_TransmitReceive
 .text.SPI_WaitFlagStateUntilTimeout
                0x080034b0      0x110 ./Drivers/STM32F4xx_HAL_Driver/Src/stm32f4xx_hal_spi.o
 .text.SPI_EndRxTxTransaction
                0x080035c0       0xa8 ./Drivers/STM32F4xx_HAL_Driver/Src/stm32f4xx_hal_spi.o
 .text.HAL_UART_Init
                0x08003668       0xa0 ./Drivers/STM32F4xx_HAL_Driver/Src/stm32f4xx_hal_uart.o
                0x08003668                HAL_UART_Init
 .text.HAL_UART_Transmit
                0x08003708      0x116 ./Drivers/STM32F4xx_HAL_Driver/Src/stm32f4xx_hal_uart.o
                0x08003708                HAL_UART_Transmit
 .text.HAL_UART_Receive_IT
                0x0800381e       0x4a ./Drivers/STM32F4xx_HAL_Driver/Src/stm32f4xx_hal_uart.o
                0x0800381e                HAL_UART_Receive_IT
 .text.HAL_UART_IRQHandler
                0x08003868      0x554 ./Drivers/STM32F4xx_HAL_Driver/Src/stm32f4xx_hal_uart.o
                0x08003868                HAL_UART_IRQHandler
 .text.HAL_UART_TxCpltCallback
                0x08003dbc       0x14 ./Drivers/STM32F4xx_HAL_Driver/Src/stm32f4xx_hal_uart.o
                0x08003dbc                HAL_UART_TxCpltCallback
 .text.HAL_UART_ErrorCallback
                0x08003dd0       0x14 ./Drivers/STM32F4xx_HAL_Driver/Src/stm32f4xx_hal_uart.o
                0x08003dd0                HAL_UART_ErrorCallback
 .text.HAL_UARTEx_RxEventCallback
                0x08003de4       0x18 ./Drivers/STM32F4xx_HAL_Driver/Src/stm32f4xx_hal_uart.o
                0x08003de4                HAL_UARTEx_RxEventCallback
 .text.UART_WaitOnFlagUntilTimeout
                0x08003dfc       0xb2 ./Drivers/STM32F4xx_HAL_Driver/Src/stm32f4xx_hal_uart.o
 .text.UART_Start_Receive_IT
                0x08003eae       0x74 ./Drivers/STM32F4xx_HAL_Driver/Src/stm32f4xx_hal_uart.o
                0x08003eae                UART_Start_Receive_IT
 .text.UART_EndRxTransfer
                0x08003f22       0xc6 ./Drivers/STM32F4xx_HAL_Driver/Src/stm32f4xx_hal_uart.o
 .text.UART_DMAAbortOnError
                0x08003fe8       0x22 ./Drivers/STM32F4xx_HAL_Driver/Src/stm32f4xx_hal_uart.o
 .text.UART_Transmit_IT
                0x0800400a       0xa0 ./Drivers/STM32F4xx_HAL_Driver/Src/stm32f4xx_hal_uart.o
 .text.UART_EndTransmit_IT
                0x080040aa       0x30 ./Drivers/STM32F4xx_HAL_Driver/Src/stm32f4xx_hal_uart.o
 .text.UART_Receive_IT
                0x080040da      0x17c ./Drivers/STM32F4xx_HAL_Driver/Src/stm32f4xx_hal_uart.o
 *fill*         0x08004256        0x2 
 .text.UART_SetConfig
                0x08004258      0x4e8 ./Drivers/STM32F4xx_HAL_Driver/Src/stm32f4xx_hal_uart.o
 .text.MX_FATFS_Init
                0x08004740       0x24 ./FATFS/App/fatfs.o
                0x08004740                MX_FATFS_Init
 .text.get_fattime
                0x08004764       0x10 ./FATFS/App/fatfs.o
                0x08004764                get_fattime
 .text.USER_initialize
                0x08004774       0x1c ./FATFS/Target/user_diskio.o
                0x08004774                USER_initialize
 .text.USER_status
                0x08004790       0x1c ./FATFS/Target/user_diskio.o
                0x08004790                USER_status
 .text.USER_read
                0x080047ac       0x26 ./FATFS/Target/user_diskio.o
                0x080047ac                USER_read
 .text.USER_write
                0x080047d2       0x26 ./FATFS/Target/user_diskio.o
                0x080047d2                USER_write
 .text.USER_ioctl
                0x080047f8       0x26 ./FATFS/Target/user_diskio.o
                0x080047f8                USER_ioctl
 *fill*         0x0800481e        0x2 
 .text.disk_status
                0x08004820       0x34 ./Middlewares/Third_Party/FatFs/src/diskio.o
                0x08004820                disk_status
 .text.disk_initialize
                0x08004854       0x50 ./Middlewares/Third_Party/FatFs/src/diskio.o
                0x08004854                disk_initialize
 .text.disk_read
                0x080048a4       0x40 ./Middlewares/Third_Party/FatFs/src/diskio.o
                0x080048a4                disk_read
 .text.disk_write
                0x080048e4       0x40 ./Middlewares/Third_Party/FatFs/src/diskio.o
                0x080048e4                disk_write
 .text.disk_ioctl
                0x08004924       0x3c ./Middlewares/Third_Party/FatFs/src/diskio.o
                0x08004924                disk_ioctl
 .text.ld_word  0x08004960       0x32 ./Middlewares/Third_Party/FatFs/src/ff.o
 .text.ld_dword
                0x08004992       0x46 ./Middlewares/Third_Party/FatFs/src/ff.o
 .text.st_word  0x080049d8       0x36 ./Middlewares/Third_Party/FatFs/src/ff.o
 .text.st_dword
                0x08004a0e       0x58 ./Middlewares/Third_Party/FatFs/src/ff.o
 .text.mem_cpy  0x08004a66       0x42 ./Middlewares/Third_Party/FatFs/src/ff.o
 .text.mem_set  0x08004aa8       0x36 ./Middlewares/Third_Party/FatFs/src/ff.o
 .text.mem_cmp  0x08004ade       0x4e ./Middlewares/Third_Party/FatFs/src/ff.o
 .text.chk_chr  0x08004b2c       0x36 ./Middlewares/Third_Party/FatFs/src/ff.o
 *fill*         0x08004b62        0x2 
 .text.chk_lock
                0x08004b64       0xb8 ./Middlewares/Third_Party/FatFs/src/ff.o
 .text.enq_lock
                0x08004c1c       0x44 ./Middlewares/Third_Party/FatFs/src/ff.o
 .text.inc_lock
                0x08004c60      0x11c ./Middlewares/Third_Party/FatFs/src/ff.o
 .text.dec_lock
                0x08004d7c       0x78 ./Middlewares/Third_Party/FatFs/src/ff.o
 .text.clear_lock
                0x08004df4       0x48 ./Middlewares/Third_Party/FatFs/src/ff.o
 .text.sync_window
                0x08004e3c       0x88 ./Middlewares/Third_Party/FatFs/src/ff.o
 .text.move_window
                0x08004ec4       0x5a ./Middlewares/Third_Party/FatFs/src/ff.o
 *fill*         0x08004f1e        0x2 
 .text.sync_fs  0x08004f20       0xe0 ./Middlewares/Third_Party/FatFs/src/ff.o
 .text.clust2sect
                0x08005000       0x3e ./Middlewares/Third_Party/FatFs/src/ff.o
 .text.get_fat  0x0800503e      0x1a6 ./Middlewares/Third_Party/FatFs/src/ff.o
 .text.put_fat  0x080051e4      0x234 ./Middlewares/Third_Party/FatFs/src/ff.o
 .text.remove_chain
                0x08005418       0xca ./Middlewares/Third_Party/FatFs/src/ff.o
 .text.create_chain
                0x080054e2      0x130 ./Middlewares/Third_Party/FatFs/src/ff.o
 .text.clmt_clust
                0x08005612       0x70 ./Middlewares/Third_Party/FatFs/src/ff.o
 .text.dir_sdi  0x08005682      0x112 ./Middlewares/Third_Party/FatFs/src/ff.o
 .text.dir_next
                0x08005794      0x1ac ./Middlewares/Third_Party/FatFs/src/ff.o
 .text.dir_alloc
                0x08005940       0x8e ./Middlewares/Third_Party/FatFs/src/ff.o
 .text.ld_clust
                0x080059ce       0x3e ./Middlewares/Third_Party/FatFs/src/ff.o
 .text.st_clust
                0x08005a0c       0x40 ./Middlewares/Third_Party/FatFs/src/ff.o
 .text.cmp_lfn  0x08005a4c       0xe0 ./Middlewares/Third_Party/FatFs/src/ff.o
 .text.put_lfn  0x08005b2c       0xd0 ./Middlewares/Third_Party/FatFs/src/ff.o
 .text.gen_numname
                0x08005bfc      0x11c ./Middlewares/Third_Party/FatFs/src/ff.o
 .text.sum_sfn  0x08005d18       0x42 ./Middlewares/Third_Party/FatFs/src/ff.o
 .text.dir_find
                0x08005d5a      0x180 ./Middlewares/Third_Party/FatFs/src/ff.o
 *fill*         0x08005eda        0x2 
 .text.dir_register
                0x08005edc      0x1f0 ./Middlewares/Third_Party/FatFs/src/ff.o
 .text.create_name
                0x080060cc      0x370 ./Middlewares/Third_Party/FatFs/src/ff.o
 .text.follow_path
                0x0800643c       0xec ./Middlewares/Third_Party/FatFs/src/ff.o
 .text.get_ldnumber
                0x08006528       0x88 ./Middlewares/Third_Party/FatFs/src/ff.o
 .text.check_fs
                0x080065b0       0xac ./Middlewares/Third_Party/FatFs/src/ff.o
 .text.find_volume
                0x0800665c      0x50c ./Middlewares/Third_Party/FatFs/src/ff.o
 .text.validate
                0x08006b68       0x6a ./Middlewares/Third_Party/FatFs/src/ff.o
 *fill*         0x08006bd2        0x2 
 .text.f_mount  0x08006bd4       0x8c ./Middlewares/Third_Party/FatFs/src/ff.o
                0x08006bd4                f_mount
 .text.f_open   0x08006c60      0x390 ./Middlewares/Third_Party/FatFs/src/ff.o
                0x08006c60                f_open
 .text.f_read   0x08006ff0      0x2be ./Middlewares/Third_Party/FatFs/src/ff.o
                0x08006ff0                f_read
 .text.f_sync   0x080072ae       0xfc ./Middlewares/Third_Party/FatFs/src/ff.o
                0x080072ae                f_sync
 .text.f_close  0x080073aa       0x54 ./Middlewares/Third_Party/FatFs/src/ff.o
                0x080073aa                f_close
 .text.f_gets   0x080073fe       0x7c ./Middlewares/Third_Party/FatFs/src/ff.o
                0x080073fe                f_gets
 *fill*         0x0800747a        0x2 
 .text.FATFS_LinkDriverEx
                0x0800747c       0x98 ./Middlewares/Third_Party/FatFs/src/ff_gen_drv.o
                0x0800747c                FATFS_LinkDriverEx
 .text.FATFS_LinkDriver
                0x08007514       0x1e ./Middlewares/Third_Party/FatFs/src/ff_gen_drv.o
                0x08007514                FATFS_LinkDriver
 *fill*         0x08007532        0x2 
 .text.ff_convert
                0x08007534       0x78 ./Middlewares/Third_Party/FatFs/src/option/ccsbcs.o
                0x08007534                ff_convert
 .text.ff_wtoupper
                0x080075ac      0x114 ./Middlewares/Third_Party/FatFs/src/option/ccsbcs.o
                0x080075ac                ff_wtoupper
 .text.sprintf  0x080076c0       0x44 C:/ST/STM32CubeIDE_1.19.0/STM32CubeIDE/plugins/com.st.stm32cube.ide.mcu.externaltools.gnu-tools-for-stm32.13.3.rel1.win32_1.0.0.202411081344/tools/bin/../lib/gcc/arm-none-eabi/13.3.1/../../../../arm-none-eabi/lib/thumb/v7e-m+fp/hard\libc_nano.a(libc_a-sprintf.o)
                0x080076c0                siprintf
                0x080076c0                sprintf
 .text.memset   0x08007704       0x10 C:/ST/STM32CubeIDE_1.19.0/STM32CubeIDE/plugins/com.st.stm32cube.ide.mcu.externaltools.gnu-tools-for-stm32.13.3.rel1.win32_1.0.0.202411081344/tools/bin/../lib/gcc/arm-none-eabi/13.3.1/../../../../arm-none-eabi/lib/thumb/v7e-m+fp/hard\libc_nano.a(libc_a-memset.o)
                0x08007704                memset
 .text.__errno  0x08007714        0xc C:/ST/STM32CubeIDE_1.19.0/STM32CubeIDE/plugins/com.st.stm32cube.ide.mcu.externaltools.gnu-tools-for-stm32.13.3.rel1.win32_1.0.0.202411081344/tools/bin/../lib/gcc/arm-none-eabi/13.3.1/../../../../arm-none-eabi/lib/thumb/v7e-m+fp/hard\libc_nano.a(libc_a-errno.o)
                0x08007714                __errno
 .text.__libc_init_array
                0x08007720       0x48 C:/ST/STM32CubeIDE_1.19.0/STM32CubeIDE/plugins/com.st.stm32cube.ide.mcu.externaltools.gnu-tools-for-stm32.13.3.rel1.win32_1.0.0.202411081344/tools/bin/../lib/gcc/arm-none-eabi/13.3.1/../../../../arm-none-eabi/lib/thumb/v7e-m+fp/hard\libc_nano.a(libc_a-init.o)
                0x08007720                __libc_init_array
 .text.__retarget_lock_acquire_recursive
                0x08007768        0x2 C:/ST/STM32CubeIDE_1.19.0/STM32CubeIDE/plugins/com.st.stm32cube.ide.mcu.externaltools.gnu-tools-for-stm32.13.3.rel1.win32_1.0.0.202411081344/tools/bin/../lib/gcc/arm-none-eabi/13.3.1/../../../../arm-none-eabi/lib/thumb/v7e-m+fp/hard\libc_nano.a(libc_a-lock.o)
                0x08007768                __retarget_lock_acquire_recursive
 .text.__retarget_lock_release_recursive
                0x0800776a        0x2 C:/ST/STM32CubeIDE_1.19.0/STM32CubeIDE/plugins/com.st.stm32cube.ide.mcu.externaltools.gnu-tools-for-stm32.13.3.rel1.win32_1.0.0.202411081344/tools/bin/../lib/gcc/arm-none-eabi/13.3.1/../../../../arm-none-eabi/lib/thumb/v7e-m+fp/hard\libc_nano.a(libc_a-lock.o)
                0x0800776a                __retarget_lock_release_recursive
 .text._free_r  0x0800776c       0x94 C:/ST/STM32CubeIDE_1.19.0/STM32CubeIDE/plugins/com.st.stm32cube.ide.mcu.externaltools.gnu-tools-for-stm32.13.3.rel1.win32_1.0.0.202411081344/tools/bin/../lib/gcc/arm-none-eabi/13.3.1/../../../../arm-none-eabi/lib/thumb/v7e-m+fp/hard\libc_nano.a(libc_a-freer.o)
                0x0800776c                _free_r
 .text.sbrk_aligned
                0x08007800       0x44 C:/ST/STM32CubeIDE_1.19.0/STM32CubeIDE/plugins/com.st.stm32cube.ide.mcu.externaltools.gnu-tools-for-stm32.13.3.rel1.win32_1.0.0.202411081344/tools/bin/../lib/gcc/arm-none-eabi/13.3.1/../../../../arm-none-eabi/lib/thumb/v7e-m+fp/hard\libc_nano.a(libc_a-mallocr.o)
 .text._malloc_r
                0x08007844      0x100 C:/ST/STM32CubeIDE_1.19.0/STM32CubeIDE/plugins/com.st.stm32cube.ide.mcu.externaltools.gnu-tools-for-stm32.13.3.rel1.win32_1.0.0.202411081344/tools/bin/../lib/gcc/arm-none-eabi/13.3.1/../../../../arm-none-eabi/lib/thumb/v7e-m+fp/hard\libc_nano.a(libc_a-mallocr.o)
                0x08007844                _malloc_r
 .text.__malloc_lock
                0x08007944        0xc C:/ST/STM32CubeIDE_1.19.0/STM32CubeIDE/plugins/com.st.stm32cube.ide.mcu.externaltools.gnu-tools-for-stm32.13.3.rel1.win32_1.0.0.202411081344/tools/bin/../lib/gcc/arm-none-eabi/13.3.1/../../../../arm-none-eabi/lib/thumb/v7e-m+fp/hard\libc_nano.a(libc_a-mlock.o)
                0x08007944                __malloc_lock
 .text.__malloc_unlock
                0x08007950        0xc C:/ST/STM32CubeIDE_1.19.0/STM32CubeIDE/plugins/com.st.stm32cube.ide.mcu.externaltools.gnu-tools-for-stm32.13.3.rel1.win32_1.0.0.202411081344/tools/bin/../lib/gcc/arm-none-eabi/13.3.1/../../../../arm-none-eabi/lib/thumb/v7e-m+fp/hard\libc_nano.a(libc_a-mlock.o)
                0x08007950                __malloc_unlock
 .text.__ssputs_r
                0x0800795c       0xb6 C:/ST/STM32CubeIDE_1.19.0/STM32CubeIDE/plugins/com.st.stm32cube.ide.mcu.externaltools.gnu-tools-for-stm32.13.3.rel1.win32_1.0.0.202411081344/tools/bin/../lib/gcc/arm-none-eabi/13.3.1/../../../../arm-none-eabi/lib/thumb/v7e-m+fp/hard\libc_nano.a(libc_a-nano-svfprintf.o)
                0x0800795c                __ssputs_r
 *fill*         0x08007a12        0x2 
 .text._svfprintf_r
                0x08007a14      0x1f8 C:/ST/STM32CubeIDE_1.19.0/STM32CubeIDE/plugins/com.st.stm32cube.ide.mcu.externaltools.gnu-tools-for-stm32.13.3.rel1.win32_1.0.0.202411081344/tools/bin/../lib/gcc/arm-none-eabi/13.3.1/../../../../arm-none-eabi/lib/thumb/v7e-m+fp/hard\libc_nano.a(libc_a-nano-svfprintf.o)
                0x08007a14                _svfiprintf_r
                0x08007a14                _svfprintf_r
 .text._printf_common
                0x08007c0c       0xda C:/ST/STM32CubeIDE_1.19.0/STM32CubeIDE/plugins/com.st.stm32cube.ide.mcu.externaltools.gnu-tools-for-stm32.13.3.rel1.win32_1.0.0.202411081344/tools/bin/../lib/gcc/arm-none-eabi/13.3.1/../../../../arm-none-eabi/lib/thumb/v7e-m+fp/hard\libc_nano.a(libc_a-nano-vfprintf_i.o)
                0x08007c0c                _printf_common
 *fill*         0x08007ce6        0x2 
 .text._printf_i
                0x08007ce8      0x23c C:/ST/STM32CubeIDE_1.19.0/STM32CubeIDE/plugins/com.st.stm32cube.ide.mcu.externaltools.gnu-tools-for-stm32.13.3.rel1.win32_1.0.0.202411081344/tools/bin/../lib/gcc/arm-none-eabi/13.3.1/../../../../arm-none-eabi/lib/thumb/v7e-m+fp/hard\libc_nano.a(libc_a-nano-vfprintf_i.o)
                0x08007ce8                _printf_i
 .text.memmove  0x08007f24       0x34 C:/ST/STM32CubeIDE_1.19.0/STM32CubeIDE/plugins/com.st.stm32cube.ide.mcu.externaltools.gnu-tools-for-stm32.13.3.rel1.win32_1.0.0.202411081344/tools/bin/../lib/gcc/arm-none-eabi/13.3.1/../../../../arm-none-eabi/lib/thumb/v7e-m+fp/hard\libc_nano.a(libc_a-memmove.o)
                0x08007f24                memmove
 .text._sbrk_r  0x08007f58       0x20 C:/ST/STM32CubeIDE_1.19.0/STM32CubeIDE/plugins/com.st.stm32cube.ide.mcu.externaltools.gnu-tools-for-stm32.13.3.rel1.win32_1.0.0.202411081344/tools/bin/../lib/gcc/arm-none-eabi/13.3.1/../../../../arm-none-eabi/lib/thumb/v7e-m+fp/hard\libc_nano.a(libc_a-sbrkr.o)
                0x08007f58                _sbrk_r
 .text.memcpy   0x08007f78       0x1c C:/ST/STM32CubeIDE_1.19.0/STM32CubeIDE/plugins/com.st.stm32cube.ide.mcu.externaltools.gnu-tools-for-stm32.13.3.rel1.win32_1.0.0.202411081344/tools/bin/../lib/gcc/arm-none-eabi/13.3.1/../../../../arm-none-eabi/lib/thumb/v7e-m+fp/hard\libc_nano.a(libc_a-memcpy-stub.o)
                0x08007f78                memcpy
 .text._realloc_r
                0x08007f94       0x5c C:/ST/STM32CubeIDE_1.19.0/STM32CubeIDE/plugins/com.st.stm32cube.ide.mcu.externaltools.gnu-tools-for-stm32.13.3.rel1.win32_1.0.0.202411081344/tools/bin/../lib/gcc/arm-none-eabi/13.3.1/../../../../arm-none-eabi/lib/thumb/v7e-m+fp/hard\libc_nano.a(libc_a-reallocr.o)
                0x08007f94                _realloc_r
 .text._malloc_usable_size_r
                0x08007ff0       0x10 C:/ST/STM32CubeIDE_1.19.0/STM32CubeIDE/plugins/com.st.stm32cube.ide.mcu.externaltools.gnu-tools-for-stm32.13.3.rel1.win32_1.0.0.202411081344/tools/bin/../lib/gcc/arm-none-eabi/13.3.1/../../../../arm-none-eabi/lib/thumb/v7e-m+fp/hard\libc_nano.a(libc_a-msizer.o)
                0x08007ff0                _malloc_usable_size_r
 *(.glue_7)
 .glue_7        0x08008000        0x0 linker stubs
 *(.glue_7t)
 .glue_7t       0x08008000        0x0 linker stubs
 *(.eh_frame)
 .eh_frame      0x08008000        0x0 C:/ST/STM32CubeIDE_1.19.0/STM32CubeIDE/plugins/com.st.stm32cube.ide.mcu.externaltools.gnu-tools-for-stm32.13.3.rel1.win32_1.0.0.202411081344/tools/bin/../lib/gcc/arm-none-eabi/13.3.1/thumb/v7e-m+fp/hard/crtbegin.o
 *(.init)
 .init          0x08008000        0x4 C:/ST/STM32CubeIDE_1.19.0/STM32CubeIDE/plugins/com.st.stm32cube.ide.mcu.externaltools.gnu-tools-for-stm32.13.3.rel1.win32_1.0.0.202411081344/tools/bin/../lib/gcc/arm-none-eabi/13.3.1/thumb/v7e-m+fp/hard/crti.o
                0x08008000                _init
 .init          0x08008004        0x8 C:/ST/STM32CubeIDE_1.19.0/STM32CubeIDE/plugins/com.st.stm32cube.ide.mcu.externaltools.gnu-tools-for-stm32.13.3.rel1.win32_1.0.0.202411081344/tools/bin/../lib/gcc/arm-none-eabi/13.3.1/thumb/v7e-m+fp/hard/crtn.o
 *(.fini)
 .fini          0x0800800c        0x4 C:/ST/STM32CubeIDE_1.19.0/STM32CubeIDE/plugins/com.st.stm32cube.ide.mcu.externaltools.gnu-tools-for-stm32.13.3.rel1.win32_1.0.0.202411081344/tools/bin/../lib/gcc/arm-none-eabi/13.3.1/thumb/v7e-m+fp/hard/crti.o
                0x0800800c                _fini
 .fini          0x08008010        0x8 C:/ST/STM32CubeIDE_1.19.0/STM32CubeIDE/plugins/com.st.stm32cube.ide.mcu.externaltools.gnu-tools-for-stm32.13.3.rel1.win32_1.0.0.202411081344/tools/bin/../lib/gcc/arm-none-eabi/13.3.1/thumb/v7e-m+fp/hard/crtn.o
                0x08008018                        . = ALIGN (0x4)
                0x08008018                        _etext = .

.vfp11_veneer   0x08008018        0x0
 .vfp11_veneer  0x08008018        0x0 linker stubs

.v4_bx          0x08008018        0x0
 .v4_bx         0x08008018        0x0 linker stubs

.iplt           0x08008018        0x0
 .iplt          0x08008018        0x0 C:/ST/STM32CubeIDE_1.19.0/STM32CubeIDE/plugins/com.st.stm32cube.ide.mcu.externaltools.gnu-tools-for-stm32.13.3.rel1.win32_1.0.0.202411081344/tools/bin/../lib/gcc/arm-none-eabi/13.3.1/thumb/v7e-m+fp/hard/crtbegin.o

.rodata         0x08008018      0x6c4
                0x08008018                        . = ALIGN (0x4)
 *(.rodata)
 .rodata        0x08008018      0x1ee ./Core/Src/main.o
 *fill*         0x08008206        0x2 
 .rodata        0x08008208       0x48 ./Middlewares/Third_Party/FatFs/src/ff.o
 *(.rodata*)
 .rodata.AHBPrescTable
                0x08008250       0x10 ./Core/Src/system_stm32f4xx.o
                0x08008250                AHBPrescTable
 .rodata.APBPrescTable
                0x08008260        0x8 ./Core/Src/system_stm32f4xx.o
                0x08008260                APBPrescTable
 .rodata.ExCvt  0x08008268       0x80 ./Middlewares/Third_Party/FatFs/src/ff.o
 .rodata.LfnOfs
                0x080082e8        0xd ./Middlewares/Third_Party/FatFs/src/ff.o
 *fill*         0x080082f5        0x3 
 .rodata.Tbl    0x080082f8      0x100 ./Middlewares/Third_Party/FatFs/src/option/ccsbcs.o
 .rodata.cvt1.1
                0x080083f8      0x1f2 ./Middlewares/Third_Party/FatFs/src/option/ccsbcs.o
 *fill*         0x080085ea        0x2 
 .rodata.cvt2.0
                0x080085ec       0xbc ./Middlewares/Third_Party/FatFs/src/option/ccsbcs.o
 .rodata._svfprintf_r.str1.1
                0x080086a8       0x33 C:/ST/STM32CubeIDE_1.19.0/STM32CubeIDE/plugins/com.st.stm32cube.ide.mcu.externaltools.gnu-tools-for-stm32.13.3.rel1.win32_1.0.0.202411081344/tools/bin/../lib/gcc/arm-none-eabi/13.3.1/../../../../arm-none-eabi/lib/thumb/v7e-m+fp/hard\libc_nano.a(libc_a-nano-svfprintf.o)
                                 0x11 (size before relaxing)
 .rodata._printf_i.str1.1
                0x080086db       0x22 C:/ST/STM32CubeIDE_1.19.0/STM32CubeIDE/plugins/com.st.stm32cube.ide.mcu.externaltools.gnu-tools-for-stm32.13.3.rel1.win32_1.0.0.202411081344/tools/bin/../lib/gcc/arm-none-eabi/13.3.1/../../../../arm-none-eabi/lib/thumb/v7e-m+fp/hard\libc_nano.a(libc_a-nano-vfprintf_i.o)
                0x08008700                        . = ALIGN (0x4)
 *fill*         0x080086db        0x1 

.ARM.extab      0x080086dc        0x0
                0x080086dc                        . = ALIGN (0x4)
 *(.ARM.extab* .gnu.linkonce.armextab.*)
                0x080086dc                        . = ALIGN (0x4)

.ARM            0x080086dc        0x8
                0x080086dc                        . = ALIGN (0x4)
                0x080086dc                        __exidx_start = .
 *(.ARM.exidx*)
 .ARM.exidx     0x080086dc        0x8 C:/ST/STM32CubeIDE_1.19.0/STM32CubeIDE/plugins/com.st.stm32cube.ide.mcu.externaltools.gnu-tools-for-stm32.13.3.rel1.win32_1.0.0.202411081344/tools/bin/../lib/gcc/arm-none-eabi/13.3.1/../../../../arm-none-eabi/lib/thumb/v7e-m+fp/hard\libc_nano.a(libc_a-strlen.o)
 .ARM.exidx     0x080086e4        0x0 C:/ST/STM32CubeIDE_1.19.0/STM32CubeIDE/plugins/com.st.stm32cube.ide.mcu.externaltools.gnu-tools-for-stm32.13.3.rel1.win32_1.0.0.202411081344/tools/bin/../lib/gcc/arm-none-eabi/13.3.1/../../../../arm-none-eabi/lib/thumb/v7e-m+fp/hard\libc_nano.a(libc_a-memchr.o)
                                  0x8 (size before relaxing)
 .ARM.exidx     0x080086e4        0x0 C:/ST/STM32CubeIDE_1.19.0/STM32CubeIDE/plugins/com.st.stm32cube.ide.mcu.externaltools.gnu-tools-for-stm32.13.3.rel1.win32_1.0.0.202411081344/tools/bin/../lib/gcc/arm-none-eabi/13.3.1/thumb/v7e-m+fp/hard\libgcc.a(_udivmoddi4.o)
                                  0x8 (size before relaxing)
                0x080086e4                        __exidx_end = .
                0x080086e4                        . = ALIGN (0x4)

.preinit_array  0x080086e4        0x0
                0x080086e4                        . = ALIGN (0x4)
                0x080086e4                        PROVIDE (__preinit_array_start = .)
 *(.preinit_array*)
                0x080086e4                        PROVIDE (__preinit_array_end = .)
                0x080086e4                        . = ALIGN (0x4)

.init_array     0x080086e4        0x4
                0x080086e4                        . = ALIGN (0x4)
                0x080086e4                        PROVIDE (__init_array_start = .)
 *(SORT_BY_NAME(.init_array.*))
 *(.init_array*)
 .init_array    0x080086e4        0x4 C:/ST/STM32CubeIDE_1.19.0/STM32CubeIDE/plugins/com.st.stm32cube.ide.mcu.externaltools.gnu-tools-for-stm32.13.3.rel1.win32_1.0.0.202411081344/tools/bin/../lib/gcc/arm-none-eabi/13.3.1/thumb/v7e-m+fp/hard/crtbegin.o
                0x080086e8                        PROVIDE (__init_array_end = .)
                0x080086e8                        . = ALIGN (0x4)

.fini_array     0x080086e8        0x4
                0x080086e8                        . = ALIGN (0x4)
                [!provide]                        PROVIDE (__fini_array_start = .)
 *(SORT_BY_NAME(.fini_array.*))
 *(.fini_array*)
 .fini_array    0x080086e8        0x4 C:/ST/STM32CubeIDE_1.19.0/STM32CubeIDE/plugins/com.st.stm32cube.ide.mcu.externaltools.gnu-tools-for-stm32.13.3.rel1.win32_1.0.0.202411081344/tools/bin/../lib/gcc/arm-none-eabi/13.3.1/thumb/v7e-m+fp/hard/crtbegin.o
                [!provide]                        PROVIDE (__fini_array_end = .)
                0x080086ec                        . = ALIGN (0x4)
                0x080086ec                        _sidata = LOADADDR (.data)

.rel.dyn        0x080086ec        0x0
 .rel.iplt      0x080086ec        0x0 C:/ST/STM32CubeIDE_1.19.0/STM32CubeIDE/plugins/com.st.stm32cube.ide.mcu.externaltools.gnu-tools-for-stm32.13.3.rel1.win32_1.0.0.202411081344/tools/bin/../lib/gcc/arm-none-eabi/13.3.1/thumb/v7e-m+fp/hard/crtbegin.o

.data           0x20000000       0x74 load address 0x080086ec
                0x20000000                        . = ALIGN (0x4)
                0x20000000                        _sdata = .
 *(.data)
 *(.data*)
 .data.Stat     0x20000000        0x1 ./Core/Src/fatfs_sd.o
 .data.flag_menu
                0x20000001        0x1 ./Core/Src/main.o
                0x20000001                flag_menu
 *fill*         0x20000002        0x2 
 .data.SystemCoreClock
                0x20000004        0x4 ./Core/Src/system_stm32f4xx.o
                0x20000004                SystemCoreClock
 .data.uwTickPrio
                0x20000008        0x4 ./Drivers/STM32F4xx_HAL_Driver/Src/stm32f4xx_hal.o
                0x20000008                uwTickPrio
 .data.uwTickFreq
                0x2000000c        0x1 ./Drivers/STM32F4xx_HAL_Driver/Src/stm32f4xx_hal.o
                0x2000000c                uwTickFreq
 *fill*         0x2000000d        0x3 
 .data.USER_Driver
                0x20000010       0x14 ./FATFS/Target/user_diskio.o
                0x20000010                USER_Driver
 .data._impure_ptr
                0x20000024        0x4 C:/ST/STM32CubeIDE_1.19.0/STM32CubeIDE/plugins/com.st.stm32cube.ide.mcu.externaltools.gnu-tools-for-stm32.13.3.rel1.win32_1.0.0.202411081344/tools/bin/../lib/gcc/arm-none-eabi/13.3.1/../../../../arm-none-eabi/lib/thumb/v7e-m+fp/hard\libc_nano.a(libc_a-impure.o)
                0x20000024                _impure_ptr
 .data._impure_data
                0x20000028       0x4c C:/ST/STM32CubeIDE_1.19.0/STM32CubeIDE/plugins/com.st.stm32cube.ide.mcu.externaltools.gnu-tools-for-stm32.13.3.rel1.win32_1.0.0.202411081344/tools/bin/../lib/gcc/arm-none-eabi/13.3.1/../../../../arm-none-eabi/lib/thumb/v7e-m+fp/hard\libc_nano.a(libc_a-impure.o)
                0x20000028                _impure_data
 *(.RamFunc)
 *(.RamFunc*)
                0x20000074                        . = ALIGN (0x4)
                0x20000074                        _edata = .

.igot.plt       0x20000074        0x0 load address 0x08008760
 .igot.plt      0x20000074        0x0 C:/ST/STM32CubeIDE_1.19.0/STM32CubeIDE/plugins/com.st.stm32cube.ide.mcu.externaltools.gnu-tools-for-stm32.13.3.rel1.win32_1.0.0.202411081344/tools/bin/../lib/gcc/arm-none-eabi/13.3.1/thumb/v7e-m+fp/hard/crtbegin.o
                0x20000074                        . = ALIGN (0x4)

.bss            0x20000074     0x2524 load address 0x08008760
                0x20000074                        _sbss = .
                0x20000074                        __bss_start__ = _sbss
 *(.bss)
 .bss           0x20000074       0x1c C:/ST/STM32CubeIDE_1.19.0/STM32CubeIDE/plugins/com.st.stm32cube.ide.mcu.externaltools.gnu-tools-for-stm32.13.3.rel1.win32_1.0.0.202411081344/tools/bin/../lib/gcc/arm-none-eabi/13.3.1/thumb/v7e-m+fp/hard/crtbegin.o
 *(.bss*)
 .bss.Timer1    0x20000090        0x2 ./Core/Src/fatfs_sd.o
                0x20000090                Timer1
 .bss.Timer2    0x20000092        0x2 ./Core/Src/fatfs_sd.o
                0x20000092                Timer2
 .bss.CardType  0x20000094        0x1 ./Core/Src/fatfs_sd.o
 .bss.PowerFlag
                0x20000095        0x1 ./Core/Src/fatfs_sd.o
 *fill*         0x20000096        0x2 
 .bss.hspi1     0x20000098       0x58 ./Core/Src/main.o
                0x20000098                hspi1
 .bss.fs        0x200000f0     0x1038 ./Core/Src/main.o
                0x200000f0                fs
 .bss.fil       0x20001128     0x1030 ./Core/Src/main.o
                0x20001128                fil
 .bss.fres      0x20002158        0x1 ./Core/Src/main.o
                0x20002158                fres
 *fill*         0x20002159        0x3 
 .bss.buffer    0x2000215c       0x64 ./Core/Src/main.o
                0x2000215c                buffer
 .bss.huart2    0x200021c0       0x48 ./Core/Src/main.o
                0x200021c0                huart2
 .bss.RX1_buffer
                0x20002208        0x1 ./Core/Src/main.o
                0x20002208                RX1_buffer
 *fill*         0x20002209        0x3 
 .bss.__sbrk_heap_end
                0x2000220c        0x4 ./Core/Src/sysmem.o
 .bss.uwTick    0x20002210        0x4 ./Drivers/STM32F4xx_HAL_Driver/Src/stm32f4xx_hal.o
                0x20002210                uwTick
 .bss.retUSER   0x20002214        0x1 ./FATFS/App/fatfs.o
                0x20002214                retUSER
 *fill*         0x20002215        0x3 
 .bss.USERPath  0x20002218        0x4 ./FATFS/App/fatfs.o
                0x20002218                USERPath
 .bss.FatFs     0x2000221c        0x4 ./Middlewares/Third_Party/FatFs/src/ff.o
 .bss.Fsid      0x20002220        0x2 ./Middlewares/Third_Party/FatFs/src/ff.o
 *fill*         0x20002222        0x2 
 .bss.Files     0x20002224       0x20 ./Middlewares/Third_Party/FatFs/src/ff.o
 .bss.LfnBuf    0x20002244      0x200 ./Middlewares/Third_Party/FatFs/src/ff.o
 .bss.disk      0x20002444        0xc ./Middlewares/Third_Party/FatFs/src/ff_gen_drv.o
                0x20002444                disk
 .bss.__sf      0x20002450      0x138 C:/ST/STM32CubeIDE_1.19.0/STM32CubeIDE/plugins/com.st.stm32cube.ide.mcu.externaltools.gnu-tools-for-stm32.13.3.rel1.win32_1.0.0.202411081344/tools/bin/../lib/gcc/arm-none-eabi/13.3.1/../../../../arm-none-eabi/lib/thumb/v7e-m+fp/hard\libc_nano.a(libc_a-findfp.o)
                0x20002450                __sf
 .bss.errno     0x20002588        0x4 C:/ST/STM32CubeIDE_1.19.0/STM32CubeIDE/plugins/com.st.stm32cube.ide.mcu.externaltools.gnu-tools-for-stm32.13.3.rel1.win32_1.0.0.202411081344/tools/bin/../lib/gcc/arm-none-eabi/13.3.1/../../../../arm-none-eabi/lib/thumb/v7e-m+fp/hard\libc_nano.a(libc_a-reent.o)
                0x20002588                errno
 .bss.__lock___malloc_recursive_mutex
                0x2000258c        0x1 C:/ST/STM32CubeIDE_1.19.0/STM32CubeIDE/plugins/com.st.stm32cube.ide.mcu.externaltools.gnu-tools-for-stm32.13.3.rel1.win32_1.0.0.202411081344/tools/bin/../lib/gcc/arm-none-eabi/13.3.1/../../../../arm-none-eabi/lib/thumb/v7e-m+fp/hard\libc_nano.a(libc_a-lock.o)
                0x2000258c                __lock___malloc_recursive_mutex
 *fill*         0x2000258d        0x3 
 .bss.__malloc_sbrk_start
                0x20002590        0x4 C:/ST/STM32CubeIDE_1.19.0/STM32CubeIDE/plugins/com.st.stm32cube.ide.mcu.externaltools.gnu-tools-for-stm32.13.3.rel1.win32_1.0.0.202411081344/tools/bin/../lib/gcc/arm-none-eabi/13.3.1/../../../../arm-none-eabi/lib/thumb/v7e-m+fp/hard\libc_nano.a(libc_a-mallocr.o)
                0x20002590                __malloc_sbrk_start
 .bss.__malloc_free_list
                0x20002594        0x4 C:/ST/STM32CubeIDE_1.19.0/STM32CubeIDE/plugins/com.st.stm32cube.ide.mcu.externaltools.gnu-tools-for-stm32.13.3.rel1.win32_1.0.0.202411081344/tools/bin/../lib/gcc/arm-none-eabi/13.3.1/../../../../arm-none-eabi/lib/thumb/v7e-m+fp/hard\libc_nano.a(libc_a-mallocr.o)
                0x20002594                __malloc_free_list
 *(COMMON)
                0x20002598                        . = ALIGN (0x4)
                0x20002598                        _ebss = .
                0x20002598                        __bss_end__ = _ebss

._user_heap_stack
                0x20002598      0x600 load address 0x08008760
                0x20002598                        . = ALIGN (0x8)
                [!provide]                        PROVIDE (end = .)
                0x20002598                        PROVIDE (_end = .)
                0x20002798                        . = (. + _Min_Heap_Size)
 *fill*         0x20002598      0x200 
                0x20002b98                        . = (. + _Min_Stack_Size)
 *fill*         0x20002798      0x400 
                0x20002b98                        . = ALIGN (0x8)

/DISCARD/
 libc.a(*)
 libm.a(*)
 libgcc.a(*)

.ARM.attributes
                0x00000000       0x30
 *(.ARM.attributes)
 .ARM.attributes
                0x00000000       0x22 C:/ST/STM32CubeIDE_1.19.0/STM32CubeIDE/plugins/com.st.stm32cube.ide.mcu.externaltools.gnu-tools-for-stm32.13.3.rel1.win32_1.0.0.202411081344/tools/bin/../lib/gcc/arm-none-eabi/13.3.1/thumb/v7e-m+fp/hard/crti.o
 .ARM.attributes
                0x00000022       0x34 C:/ST/STM32CubeIDE_1.19.0/STM32CubeIDE/plugins/com.st.stm32cube.ide.mcu.externaltools.gnu-tools-for-stm32.13.3.rel1.win32_1.0.0.202411081344/tools/bin/../lib/gcc/arm-none-eabi/13.3.1/thumb/v7e-m+fp/hard/crtbegin.o
 .ARM.attributes
                0x00000056       0x34 ./Core/Src/fatfs_sd.o
 .ARM.attributes
                0x0000008a       0x34 ./Core/Src/main.o
 .ARM.attributes
                0x000000be       0x34 ./Core/Src/stm32f4xx_hal_msp.o
 .ARM.attributes
                0x000000f2       0x34 ./Core/Src/stm32f4xx_it.o
 .ARM.attributes
                0x00000126       0x34 ./Core/Src/sysmem.o
 .ARM.attributes
                0x0000015a       0x34 ./Core/Src/system_stm32f4xx.o
 .ARM.attributes
                0x0000018e       0x21 ./Core/Startup/startup_stm32f446retx.o
 .ARM.attributes
                0x000001af       0x34 ./Drivers/STM32F4xx_HAL_Driver/Src/stm32f4xx_hal.o
 .ARM.attributes
                0x000001e3       0x34 ./Drivers/STM32F4xx_HAL_Driver/Src/stm32f4xx_hal_cortex.o
 .ARM.attributes
                0x00000217       0x34 ./Drivers/STM32F4xx_HAL_Driver/Src/stm32f4xx_hal_dma.o
 .ARM.attributes
                0x0000024b       0x34 ./Drivers/STM32F4xx_HAL_Driver/Src/stm32f4xx_hal_gpio.o
 .ARM.attributes
                0x0000027f       0x34 ./Drivers/STM32F4xx_HAL_Driver/Src/stm32f4xx_hal_rcc.o
 .ARM.attributes
                0x000002b3       0x34 ./Drivers/STM32F4xx_HAL_Driver/Src/stm32f4xx_hal_rcc_ex.o
 .ARM.attributes
                0x000002e7       0x34 ./Drivers/STM32F4xx_HAL_Driver/Src/stm32f4xx_hal_spi.o
 .ARM.attributes
                0x0000031b       0x34 ./Drivers/STM32F4xx_HAL_Driver/Src/stm32f4xx_hal_uart.o
 .ARM.attributes
                0x0000034f       0x34 ./FATFS/App/fatfs.o
 .ARM.attributes
                0x00000383       0x34 ./FATFS/Target/user_diskio.o
 .ARM.attributes
                0x000003b7       0x34 ./Middlewares/Third_Party/FatFs/src/diskio.o
 .ARM.attributes
                0x000003eb       0x34 ./Middlewares/Third_Party/FatFs/src/ff.o
 .ARM.attributes
                0x0000041f       0x34 ./Middlewares/Third_Party/FatFs/src/ff_gen_drv.o
 .ARM.attributes
                0x00000453       0x34 ./Middlewares/Third_Party/FatFs/src/option/ccsbcs.o
 .ARM.attributes
                0x00000487       0x34 C:/ST/STM32CubeIDE_1.19.0/STM32CubeIDE/plugins/com.st.stm32cube.ide.mcu.externaltools.gnu-tools-for-stm32.13.3.rel1.win32_1.0.0.202411081344/tools/bin/../lib/gcc/arm-none-eabi/13.3.1/../../../../arm-none-eabi/lib/thumb/v7e-m+fp/hard\libc_nano.a(libc_a-findfp.o)
 .ARM.attributes
                0x000004bb       0x34 C:/ST/STM32CubeIDE_1.19.0/STM32CubeIDE/plugins/com.st.stm32cube.ide.mcu.externaltools.gnu-tools-for-stm32.13.3.rel1.win32_1.0.0.202411081344/tools/bin/../lib/gcc/arm-none-eabi/13.3.1/../../../../arm-none-eabi/lib/thumb/v7e-m+fp/hard\libc_nano.a(libc_a-sprintf.o)
 .ARM.attributes
                0x000004ef       0x34 C:/ST/STM32CubeIDE_1.19.0/STM32CubeIDE/plugins/com.st.stm32cube.ide.mcu.externaltools.gnu-tools-for-stm32.13.3.rel1.win32_1.0.0.202411081344/tools/bin/../lib/gcc/arm-none-eabi/13.3.1/../../../../arm-none-eabi/lib/thumb/v7e-m+fp/hard\libc_nano.a(libc_a-memset.o)
 .ARM.attributes
                0x00000523       0x34 C:/ST/STM32CubeIDE_1.19.0/STM32CubeIDE/plugins/com.st.stm32cube.ide.mcu.externaltools.gnu-tools-for-stm32.13.3.rel1.win32_1.0.0.202411081344/tools/bin/../lib/gcc/arm-none-eabi/13.3.1/../../../../arm-none-eabi/lib/thumb/v7e-m+fp/hard\libc_nano.a(libc_a-reent.o)
 .ARM.attributes
                0x00000557       0x34 C:/ST/STM32CubeIDE_1.19.0/STM32CubeIDE/plugins/com.st.stm32cube.ide.mcu.externaltools.gnu-tools-for-stm32.13.3.rel1.win32_1.0.0.202411081344/tools/bin/../lib/gcc/arm-none-eabi/13.3.1/../../../../arm-none-eabi/lib/thumb/v7e-m+fp/hard\libc_nano.a(libc_a-impure.o)
 .ARM.attributes
                0x0000058b       0x34 C:/ST/STM32CubeIDE_1.19.0/STM32CubeIDE/plugins/com.st.stm32cube.ide.mcu.externaltools.gnu-tools-for-stm32.13.3.rel1.win32_1.0.0.202411081344/tools/bin/../lib/gcc/arm-none-eabi/13.3.1/../../../../arm-none-eabi/lib/thumb/v7e-m+fp/hard\libc_nano.a(libc_a-errno.o)
 .ARM.attributes
                0x000005bf       0x34 C:/ST/STM32CubeIDE_1.19.0/STM32CubeIDE/plugins/com.st.stm32cube.ide.mcu.externaltools.gnu-tools-for-stm32.13.3.rel1.win32_1.0.0.202411081344/tools/bin/../lib/gcc/arm-none-eabi/13.3.1/../../../../arm-none-eabi/lib/thumb/v7e-m+fp/hard\libc_nano.a(libc_a-init.o)
 .ARM.attributes
                0x000005f3       0x34 C:/ST/STM32CubeIDE_1.19.0/STM32CubeIDE/plugins/com.st.stm32cube.ide.mcu.externaltools.gnu-tools-for-stm32.13.3.rel1.win32_1.0.0.202411081344/tools/bin/../lib/gcc/arm-none-eabi/13.3.1/../../../../arm-none-eabi/lib/thumb/v7e-m+fp/hard\libc_nano.a(libc_a-lock.o)
 .ARM.attributes
                0x00000627       0x17 C:/ST/STM32CubeIDE_1.19.0/STM32CubeIDE/plugins/com.st.stm32cube.ide.mcu.externaltools.gnu-tools-for-stm32.13.3.rel1.win32_1.0.0.202411081344/tools/bin/../lib/gcc/arm-none-eabi/13.3.1/../../../../arm-none-eabi/lib/thumb/v7e-m+fp/hard\libc_nano.a(libc_a-strlen.o)
 .ARM.attributes
                0x0000063e       0x34 C:/ST/STM32CubeIDE_1.19.0/STM32CubeIDE/plugins/com.st.stm32cube.ide.mcu.externaltools.gnu-tools-for-stm32.13.3.rel1.win32_1.0.0.202411081344/tools/bin/../lib/gcc/arm-none-eabi/13.3.1/../../../../arm-none-eabi/lib/thumb/v7e-m+fp/hard\libc_nano.a(libc_a-freer.o)
 .ARM.attributes
                0x00000672       0x34 C:/ST/STM32CubeIDE_1.19.0/STM32CubeIDE/plugins/com.st.stm32cube.ide.mcu.externaltools.gnu-tools-for-stm32.13.3.rel1.win32_1.0.0.202411081344/tools/bin/../lib/gcc/arm-none-eabi/13.3.1/../../../../arm-none-eabi/lib/thumb/v7e-m+fp/hard\libc_nano.a(libc_a-mallocr.o)
 .ARM.attributes
                0x000006a6       0x34 C:/ST/STM32CubeIDE_1.19.0/STM32CubeIDE/plugins/com.st.stm32cube.ide.mcu.externaltools.gnu-tools-for-stm32.13.3.rel1.win32_1.0.0.202411081344/tools/bin/../lib/gcc/arm-none-eabi/13.3.1/../../../../arm-none-eabi/lib/thumb/v7e-m+fp/hard\libc_nano.a(libc_a-mlock.o)
 .ARM.attributes
                0x000006da       0x34 C:/ST/STM32CubeIDE_1.19.0/STM32CubeIDE/plugins/com.st.stm32cube.ide.mcu.externaltools.gnu-tools-for-stm32.13.3.rel1.win32_1.0.0.202411081344/tools/bin/../lib/gcc/arm-none-eabi/13.3.1/../../../../arm-none-eabi/lib/thumb/v7e-m+fp/hard\libc_nano.a(libc_a-nano-svfprintf.o)
 .ARM.attributes
                0x0000070e       0x34 C:/ST/STM32CubeIDE_1.19.0/STM32CubeIDE/plugins/com.st.stm32cube.ide.mcu.externaltools.gnu-tools-for-stm32.13.3.rel1.win32_1.0.0.202411081344/tools/bin/../lib/gcc/arm-none-eabi/13.3.1/../../../../arm-none-eabi/lib/thumb/v7e-m+fp/hard\libc_nano.a(libc_a-nano-vfprintf_i.o)
 .ARM.attributes
                0x00000742       0x34 C:/ST/STM32CubeIDE_1.19.0/STM32CubeIDE/plugins/com.st.stm32cube.ide.mcu.externaltools.gnu-tools-for-stm32.13.3.rel1.win32_1.0.0.202411081344/tools/bin/../lib/gcc/arm-none-eabi/13.3.1/../../../../arm-none-eabi/lib/thumb/v7e-m+fp/hard\libc_nano.a(libc_a-memmove.o)
 .ARM.attributes
                0x00000776       0x34 C:/ST/STM32CubeIDE_1.19.0/STM32CubeIDE/plugins/com.st.stm32cube.ide.mcu.externaltools.gnu-tools-for-stm32.13.3.rel1.win32_1.0.0.202411081344/tools/bin/../lib/gcc/arm-none-eabi/13.3.1/../../../../arm-none-eabi/lib/thumb/v7e-m+fp/hard\libc_nano.a(libc_a-sbrkr.o)
 .ARM.attributes
                0x000007aa       0x1c C:/ST/STM32CubeIDE_1.19.0/STM32CubeIDE/plugins/com.st.stm32cube.ide.mcu.externaltools.gnu-tools-for-stm32.13.3.rel1.win32_1.0.0.202411081344/tools/bin/../lib/gcc/arm-none-eabi/13.3.1/../../../../arm-none-eabi/lib/thumb/v7e-m+fp/hard\libc_nano.a(libc_a-memchr.o)
 .ARM.attributes
                0x000007c6       0x34 C:/ST/STM32CubeIDE_1.19.0/STM32CubeIDE/plugins/com.st.stm32cube.ide.mcu.externaltools.gnu-tools-for-stm32.13.3.rel1.win32_1.0.0.202411081344/tools/bin/../lib/gcc/arm-none-eabi/13.3.1/../../../../arm-none-eabi/lib/thumb/v7e-m+fp/hard\libc_nano.a(libc_a-memcpy-stub.o)
 .ARM.attributes
                0x000007fa       0x34 C:/ST/STM32CubeIDE_1.19.0/STM32CubeIDE/plugins/com.st.stm32cube.ide.mcu.externaltools.gnu-tools-for-stm32.13.3.rel1.win32_1.0.0.202411081344/tools/bin/../lib/gcc/arm-none-eabi/13.3.1/../../../../arm-none-eabi/lib/thumb/v7e-m+fp/hard\libc_nano.a(libc_a-reallocr.o)
 .ARM.attributes
                0x0000082e       0x34 C:/ST/STM32CubeIDE_1.19.0/STM32CubeIDE/plugins/com.st.stm32cube.ide.mcu.externaltools.gnu-tools-for-stm32.13.3.rel1.win32_1.0.0.202411081344/tools/bin/../lib/gcc/arm-none-eabi/13.3.1/../../../../arm-none-eabi/lib/thumb/v7e-m+fp/hard\libc_nano.a(libc_a-msizer.o)
 .ARM.attributes
                0x00000862       0x22 C:/ST/STM32CubeIDE_1.19.0/STM32CubeIDE/plugins/com.st.stm32cube.ide.mcu.externaltools.gnu-tools-for-stm32.13.3.rel1.win32_1.0.0.202411081344/tools/bin/../lib/gcc/arm-none-eabi/13.3.1/thumb/v7e-m+fp/hard\libgcc.a(_aeabi_uldivmod.o)
 .ARM.attributes
                0x00000884       0x34 C:/ST/STM32CubeIDE_1.19.0/STM32CubeIDE/plugins/com.st.stm32cube.ide.mcu.externaltools.gnu-tools-for-stm32.13.3.rel1.win32_1.0.0.202411081344/tools/bin/../lib/gcc/arm-none-eabi/13.3.1/thumb/v7e-m+fp/hard\libgcc.a(_udivmoddi4.o)
 .ARM.attributes
                0x000008b8       0x22 C:/ST/STM32CubeIDE_1.19.0/STM32CubeIDE/plugins/com.st.stm32cube.ide.mcu.externaltools.gnu-tools-for-stm32.13.3.rel1.win32_1.0.0.202411081344/tools/bin/../lib/gcc/arm-none-eabi/13.3.1/thumb/v7e-m+fp/hard\libgcc.a(_dvmd_tls.o)
 .ARM.attributes
                0x000008da       0x22 C:/ST/STM32CubeIDE_1.19.0/STM32CubeIDE/plugins/com.st.stm32cube.ide.mcu.externaltools.gnu-tools-for-stm32.13.3.rel1.win32_1.0.0.202411081344/tools/bin/../lib/gcc/arm-none-eabi/13.3.1/thumb/v7e-m+fp/hard/crtn.o
OUTPUT(Laboratorio_7_intento2.elf elf32-littlearm)
LOAD linker stubs
LOAD C:/ST/STM32CubeIDE_1.19.0/STM32CubeIDE/plugins/com.st.stm32cube.ide.mcu.externaltools.gnu-tools-for-stm32.13.3.rel1.win32_1.0.0.202411081344/tools/bin/../lib/gcc/arm-none-eabi/13.3.1/../../../../arm-none-eabi/lib/thumb/v7e-m+fp/hard\libc.a
LOAD C:/ST/STM32CubeIDE_1.19.0/STM32CubeIDE/plugins/com.st.stm32cube.ide.mcu.externaltools.gnu-tools-for-stm32.13.3.rel1.win32_1.0.0.202411081344/tools/bin/../lib/gcc/arm-none-eabi/13.3.1/../../../../arm-none-eabi/lib/thumb/v7e-m+fp/hard\libm.a
LOAD C:/ST/STM32CubeIDE_1.19.0/STM32CubeIDE/plugins/com.st.stm32cube.ide.mcu.externaltools.gnu-tools-for-stm32.13.3.rel1.win32_1.0.0.202411081344/tools/bin/../lib/gcc/arm-none-eabi/13.3.1/thumb/v7e-m+fp/hard\libgcc.a

.debug_info     0x00000000     0xf2d1
 .debug_info    0x00000000      0xc5e ./Core/Src/fatfs_sd.o
 .debug_info    0x00000c5e     0x14cc ./Core/Src/main.o
 .debug_info    0x0000212a      0xea8 ./Core/Src/stm32f4xx_hal_msp.o
 .debug_info    0x00002fd2      0x657 ./Core/Src/stm32f4xx_it.o
 .debug_info    0x00003629      0x168 ./Core/Src/sysmem.o
 .debug_info    0x00003791      0x54a ./Core/Src/system_stm32f4xx.o
 .debug_info    0x00003cdb       0x30 ./Core/Startup/startup_stm32f446retx.o
 .debug_info    0x00003d0b      0x99a ./Drivers/STM32F4xx_HAL_Driver/Src/stm32f4xx_hal.o
 .debug_info    0x000046a5      0xdaa ./Drivers/STM32F4xx_HAL_Driver/Src/stm32f4xx_hal_cortex.o
 .debug_info    0x0000544f      0x8e7 ./Drivers/STM32F4xx_HAL_Driver/Src/stm32f4xx_hal_dma.o
 .debug_info    0x00005d36      0x70b ./Drivers/STM32F4xx_HAL_Driver/Src/stm32f4xx_hal_gpio.o
 .debug_info    0x00006441      0x8ff ./Drivers/STM32F4xx_HAL_Driver/Src/stm32f4xx_hal_rcc.o
 .debug_info    0x00006d40      0x960 ./Drivers/STM32F4xx_HAL_Driver/Src/stm32f4xx_hal_rcc_ex.o
 .debug_info    0x000076a0     0x1525 ./Drivers/STM32F4xx_HAL_Driver/Src/stm32f4xx_hal_spi.o
 .debug_info    0x00008bc5     0x2f4f ./Drivers/STM32F4xx_HAL_Driver/Src/stm32f4xx_hal_uart.o
 .debug_info    0x0000bb14      0x508 ./FATFS/App/fatfs.o
 .debug_info    0x0000c01c      0x3af ./FATFS/Target/user_diskio.o
 .debug_info    0x0000c3cb      0x3df ./Middlewares/Third_Party/FatFs/src/diskio.o
 .debug_info    0x0000c7aa     0x25ef ./Middlewares/Third_Party/FatFs/src/ff.o
 .debug_info    0x0000ed99      0x37f ./Middlewares/Third_Party/FatFs/src/ff_gen_drv.o
 .debug_info    0x0000f118      0x1b9 ./Middlewares/Third_Party/FatFs/src/option/ccsbcs.o

.debug_abbrev   0x00000000     0x2881
 .debug_abbrev  0x00000000      0x2fa ./Core/Src/fatfs_sd.o
 .debug_abbrev  0x000002fa      0x33e ./Core/Src/main.o
 .debug_abbrev  0x00000638      0x1cd ./Core/Src/stm32f4xx_hal_msp.o
 .debug_abbrev  0x00000805      0x189 ./Core/Src/stm32f4xx_it.o
 .debug_abbrev  0x0000098e       0xbc ./Core/Src/sysmem.o
 .debug_abbrev  0x00000a4a      0x11a ./Core/Src/system_stm32f4xx.o
 .debug_abbrev  0x00000b64       0x24 ./Core/Startup/startup_stm32f446retx.o
 .debug_abbrev  0x00000b88      0x214 ./Drivers/STM32F4xx_HAL_Driver/Src/stm32f4xx_hal.o
 .debug_abbrev  0x00000d9c      0x31d ./Drivers/STM32F4xx_HAL_Driver/Src/stm32f4xx_hal_cortex.o
 .debug_abbrev  0x000010b9      0x264 ./Drivers/STM32F4xx_HAL_Driver/Src/stm32f4xx_hal_dma.o
 .debug_abbrev  0x0000131d      0x1d4 ./Drivers/STM32F4xx_HAL_Driver/Src/stm32f4xx_hal_gpio.o
 .debug_abbrev  0x000014f1      0x2b7 ./Drivers/STM32F4xx_HAL_Driver/Src/stm32f4xx_hal_rcc.o
 .debug_abbrev  0x000017a8      0x211 ./Drivers/STM32F4xx_HAL_Driver/Src/stm32f4xx_hal_rcc_ex.o
 .debug_abbrev  0x000019b9      0x27a ./Drivers/STM32F4xx_HAL_Driver/Src/stm32f4xx_hal_spi.o
 .debug_abbrev  0x00001c33      0x30e ./Drivers/STM32F4xx_HAL_Driver/Src/stm32f4xx_hal_uart.o
 .debug_abbrev  0x00001f41      0x15e ./FATFS/App/fatfs.o
 .debug_abbrev  0x0000209f      0x15a ./FATFS/Target/user_diskio.o
 .debug_abbrev  0x000021f9      0x181 ./Middlewares/Third_Party/FatFs/src/diskio.o
 .debug_abbrev  0x0000237a      0x28a ./Middlewares/Third_Party/FatFs/src/ff.o
 .debug_abbrev  0x00002604      0x19f ./Middlewares/Third_Party/FatFs/src/ff_gen_drv.o
 .debug_abbrev  0x000027a3       0xde ./Middlewares/Third_Party/FatFs/src/option/ccsbcs.o

.debug_aranges  0x00000000      0xd60
 .debug_aranges
                0x00000000       0xa8 ./Core/Src/fatfs_sd.o
 .debug_aranges
                0x000000a8       0x78 ./Core/Src/main.o
 .debug_aranges
                0x00000120       0x40 ./Core/Src/stm32f4xx_hal_msp.o
 .debug_aranges
                0x00000160       0x68 ./Core/Src/stm32f4xx_it.o
 .debug_aranges
                0x000001c8       0x20 ./Core/Src/sysmem.o
 .debug_aranges
                0x000001e8       0x28 ./Core/Src/system_stm32f4xx.o
 .debug_aranges
                0x00000210       0x28 ./Core/Startup/startup_stm32f446retx.o
 .debug_aranges
                0x00000238       0xf0 ./Drivers/STM32F4xx_HAL_Driver/Src/stm32f4xx_hal.o
 .debug_aranges
                0x00000328      0x130 ./Drivers/STM32F4xx_HAL_Driver/Src/stm32f4xx_hal_cortex.o
 .debug_aranges
                0x00000458       0x90 ./Drivers/STM32F4xx_HAL_Driver/Src/stm32f4xx_hal_dma.o
 .debug_aranges
                0x000004e8       0x58 ./Drivers/STM32F4xx_HAL_Driver/Src/stm32f4xx_hal_gpio.o
 .debug_aranges
                0x00000540       0x88 ./Drivers/STM32F4xx_HAL_Driver/Src/stm32f4xx_hal_rcc.o
 .debug_aranges
                0x000005c8       0x78 ./Drivers/STM32F4xx_HAL_Driver/Src/stm32f4xx_hal_rcc_ex.o
 .debug_aranges
                0x00000640      0x1d0 ./Drivers/STM32F4xx_HAL_Driver/Src/stm32f4xx_hal_spi.o
 .debug_aranges
                0x00000810      0x208 ./Drivers/STM32F4xx_HAL_Driver/Src/stm32f4xx_hal_uart.o
 .debug_aranges
                0x00000a18       0x28 ./FATFS/App/fatfs.o
 .debug_aranges
                0x00000a40       0x40 ./FATFS/Target/user_diskio.o
 .debug_aranges
                0x00000a80       0x48 ./Middlewares/Third_Party/FatFs/src/diskio.o
 .debug_aranges
                0x00000ac8      0x230 ./Middlewares/Third_Party/FatFs/src/ff.o
 .debug_aranges
                0x00000cf8       0x40 ./Middlewares/Third_Party/FatFs/src/ff_gen_drv.o
 .debug_aranges
                0x00000d38       0x28 ./Middlewares/Third_Party/FatFs/src/option/ccsbcs.o

.debug_rnglists
                0x00000000      0xa45
 .debug_rnglists
                0x00000000       0x80 ./Core/Src/fatfs_sd.o
 .debug_rnglists
                0x00000080       0x5b ./Core/Src/main.o
 .debug_rnglists
                0x000000db       0x2d ./Core/Src/stm32f4xx_hal_msp.o
 .debug_rnglists
                0x00000108       0x49 ./Core/Src/stm32f4xx_it.o
 .debug_rnglists
                0x00000151       0x13 ./Core/Src/sysmem.o
 .debug_rnglists
                0x00000164       0x1a ./Core/Src/system_stm32f4xx.o
 .debug_rnglists
                0x0000017e       0x19 ./Core/Startup/startup_stm32f446retx.o
 .debug_rnglists
                0x00000197       0xaf ./Drivers/STM32F4xx_HAL_Driver/Src/stm32f4xx_hal.o
 .debug_rnglists
                0x00000246       0xe0 ./Drivers/STM32F4xx_HAL_Driver/Src/stm32f4xx_hal_cortex.o
 .debug_rnglists
                0x00000326       0x70 ./Drivers/STM32F4xx_HAL_Driver/Src/stm32f4xx_hal_dma.o
 .debug_rnglists
                0x00000396       0x3f ./Drivers/STM32F4xx_HAL_Driver/Src/stm32f4xx_hal_gpio.o
 .debug_rnglists
                0x000003d5       0x66 ./Drivers/STM32F4xx_HAL_Driver/Src/stm32f4xx_hal_rcc.o
 .debug_rnglists
                0x0000043b       0x5e ./Drivers/STM32F4xx_HAL_Driver/Src/stm32f4xx_hal_rcc_ex.o
 .debug_rnglists
                0x00000499      0x16f ./Drivers/STM32F4xx_HAL_Driver/Src/stm32f4xx_hal_spi.o
 .debug_rnglists
                0x00000608      0x1bc ./Drivers/STM32F4xx_HAL_Driver/Src/stm32f4xx_hal_uart.o
 .debug_rnglists
                0x000007c4       0x19 ./FATFS/App/fatfs.o
 .debug_rnglists
                0x000007dd       0x2b ./FATFS/Target/user_diskio.o
 .debug_rnglists
                0x00000808       0x31 ./Middlewares/Third_Party/FatFs/src/diskio.o
 .debug_rnglists
                0x00000839      0x1c6 ./Middlewares/Third_Party/FatFs/src/ff.o
 .debug_rnglists
                0x000009ff       0x2c ./Middlewares/Third_Party/FatFs/src/ff_gen_drv.o
 .debug_rnglists
                0x00000a2b       0x1a ./Middlewares/Third_Party/FatFs/src/option/ccsbcs.o

.debug_macro    0x00000000    0x233d4
 .debug_macro   0x00000000      0x1f7 ./Core/Src/fatfs_sd.o
 .debug_macro   0x000001f7      0xad8 ./Core/Src/fatfs_sd.o
 .debug_macro   0x00000ccf      0x29b ./Core/Src/fatfs_sd.o
 .debug_macro   0x00000f6a       0x2e ./Core/Src/fatfs_sd.o
 .debug_macro   0x00000f98       0x28 ./Core/Src/fatfs_sd.o
 .debug_macro   0x00000fc0       0x22 ./Core/Src/fatfs_sd.o
 .debug_macro   0x00000fe2       0x8e ./Core/Src/fatfs_sd.o
 .debug_macro   0x00001070       0x51 ./Core/Src/fatfs_sd.o
 .debug_macro   0x000010c1      0x103 ./Core/Src/fatfs_sd.o
 .debug_macro   0x000011c4       0x6a ./Core/Src/fatfs_sd.o
 .debug_macro   0x0000122e      0x1df ./Core/Src/fatfs_sd.o
 .debug_macro   0x0000140d       0x1c ./Core/Src/fatfs_sd.o
 .debug_macro   0x00001429       0x22 ./Core/Src/fatfs_sd.o
 .debug_macro   0x0000144b       0xfb ./Core/Src/fatfs_sd.o
 .debug_macro   0x00001546     0x1011 ./Core/Src/fatfs_sd.o
 .debug_macro   0x00002557      0x11f ./Core/Src/fatfs_sd.o
 .debug_macro   0x00002676    0x1675e ./Core/Src/fatfs_sd.o
 .debug_macro   0x00018dd4       0x6d ./Core/Src/fatfs_sd.o
 .debug_macro   0x00018e41     0x3693 ./Core/Src/fatfs_sd.o
 .debug_macro   0x0001c4d4      0x190 ./Core/Src/fatfs_sd.o
 .debug_macro   0x0001c664       0x5c ./Core/Src/fatfs_sd.o
 .debug_macro   0x0001c6c0      0xca5 ./Core/Src/fatfs_sd.o
 .debug_macro   0x0001d365      0x9e9 ./Core/Src/fatfs_sd.o
 .debug_macro   0x0001dd4e      0x115 ./Core/Src/fatfs_sd.o
 .debug_macro   0x0001de63      0x1a0 ./Core/Src/fatfs_sd.o
 .debug_macro   0x0001e003       0xa5 ./Core/Src/fatfs_sd.o
 .debug_macro   0x0001e0a8      0x16d ./Core/Src/fatfs_sd.o
 .debug_macro   0x0001e215      0x287 ./Core/Src/fatfs_sd.o
 .debug_macro   0x0001e49c       0x5f ./Core/Src/fatfs_sd.o
 .debug_macro   0x0001e4fb      0x236 ./Core/Src/fatfs_sd.o
 .debug_macro   0x0001e731      0x132 ./Core/Src/fatfs_sd.o
 .debug_macro   0x0001e863      0x29c ./Core/Src/fatfs_sd.o
 .debug_macro   0x0001eaff       0x2e ./Core/Src/fatfs_sd.o
 .debug_macro   0x0001eb2d      0x127 ./Core/Src/fatfs_sd.o
 .debug_macro   0x0001ec54       0xe8 ./Core/Src/fatfs_sd.o
 .debug_macro   0x0001ed3c       0x89 ./Core/Src/fatfs_sd.o
 .debug_macro   0x0001edc5      0x225 ./Core/Src/fatfs_sd.o
 .debug_macro   0x0001efea      0x2aa ./Core/Src/fatfs_sd.o
 .debug_macro   0x0001f294      0x126 ./Core/Src/fatfs_sd.o
 .debug_macro   0x0001f3ba       0x16 ./Core/Src/fatfs_sd.o
 .debug_macro   0x0001f3d0       0x7c ./Core/Src/fatfs_sd.o
 .debug_macro   0x0001f44c       0x9a ./Core/Src/fatfs_sd.o
 .debug_macro   0x0001f4e6      0x35f ./Core/Src/main.o
 .debug_macro   0x0001f845       0x58 ./Core/Src/main.o
 .debug_macro   0x0001f89d       0xeb ./Core/Src/main.o
 .debug_macro   0x0001f988       0x2a ./Core/Src/main.o
 .debug_macro   0x0001f9b2       0x61 ./Core/Src/main.o
 .debug_macro   0x0001fa13       0x43 ./Core/Src/main.o
 .debug_macro   0x0001fa56       0x34 ./Core/Src/main.o
 .debug_macro   0x0001fa8a       0x16 ./Core/Src/main.o
 .debug_macro   0x0001faa0       0x3c ./Core/Src/main.o
 .debug_macro   0x0001fadc      0x370 ./Core/Src/main.o
 .debug_macro   0x0001fe4c       0x16 ./Core/Src/main.o
 .debug_macro   0x0001fe62       0x4a ./Core/Src/main.o
 .debug_macro   0x0001feac       0x34 ./Core/Src/main.o
 .debug_macro   0x0001fee0       0x10 ./Core/Src/main.o
 .debug_macro   0x0001fef0       0x58 ./Core/Src/main.o
 .debug_macro   0x0001ff48       0x8e ./Core/Src/main.o
 .debug_macro   0x0001ffd6       0x1c ./Core/Src/main.o
 .debug_macro   0x0001fff2      0x185 ./Core/Src/main.o
 .debug_macro   0x00020177       0x16 ./Core/Src/main.o
 .debug_macro   0x0002018d       0x29 ./Core/Src/main.o
 .debug_macro   0x000201b6       0x12 ./Core/Src/main.o
 .debug_macro   0x000201c8       0xe2 ./Core/Src/main.o
 .debug_macro   0x000202aa       0x8e ./Core/Src/main.o
 .debug_macro   0x00020338       0x16 ./Core/Src/main.o
 .debug_macro   0x0002034e       0x20 ./Core/Src/main.o
 .debug_macro   0x0002036e       0x1c ./Core/Src/main.o
 .debug_macro   0x0002038a       0x10 ./Core/Src/main.o
 .debug_macro   0x0002039a       0x1c ./Core/Src/main.o
 .debug_macro   0x000203b6       0x16 ./Core/Src/main.o
 .debug_macro   0x000203cc      0x146 ./Core/Src/main.o
 .debug_macro   0x00020512      0x1d3 ./Core/Src/stm32f4xx_hal_msp.o
 .debug_macro   0x000206e5      0x1dd ./Core/Src/stm32f4xx_it.o
 .debug_macro   0x000208c2      0x112 ./Core/Src/sysmem.o
 .debug_macro   0x000209d4      0x23c ./Core/Src/sysmem.o
 .debug_macro   0x00020c10      0x1c4 ./Core/Src/system_stm32f4xx.o
 .debug_macro   0x00020dd4      0x224 ./Drivers/STM32F4xx_HAL_Driver/Src/stm32f4xx_hal.o
 .debug_macro   0x00020ff8      0x1c4 ./Drivers/STM32F4xx_HAL_Driver/Src/stm32f4xx_hal_cortex.o
 .debug_macro   0x000211bc      0x1ca ./Drivers/STM32F4xx_HAL_Driver/Src/stm32f4xx_hal_dma.o
 .debug_macro   0x00021386      0x1ca ./Drivers/STM32F4xx_HAL_Driver/Src/stm32f4xx_hal_gpio.o
 .debug_macro   0x00021550      0x1e8 ./Drivers/STM32F4xx_HAL_Driver/Src/stm32f4xx_hal_rcc.o
 .debug_macro   0x00021738      0x1c4 ./Drivers/STM32F4xx_HAL_Driver/Src/stm32f4xx_hal_rcc_ex.o
 .debug_macro   0x000218fc      0x1d3 ./Drivers/STM32F4xx_HAL_Driver/Src/stm32f4xx_hal_spi.o
 .debug_macro   0x00021acf      0x1c5 ./Drivers/STM32F4xx_HAL_Driver/Src/stm32f4xx_hal_uart.o
 .debug_macro   0x00021c94      0x2f8 ./FATFS/App/fatfs.o
 .debug_macro   0x00021f8c       0xe5 ./FATFS/App/fatfs.o
 .debug_macro   0x00022071      0x315 ./FATFS/Target/user_diskio.o
 .debug_macro   0x00022386       0x10 ./FATFS/Target/user_diskio.o
 .debug_macro   0x00022396       0x56 ./FATFS/Target/user_diskio.o
 .debug_macro   0x000223ec      0x2e5 ./Middlewares/Third_Party/FatFs/src/diskio.o
 .debug_macro   0x000226d1      0x6f3 ./Middlewares/Third_Party/FatFs/src/ff.o
 .debug_macro   0x00022dc4       0x58 ./Middlewares/Third_Party/FatFs/src/ff.o
 .debug_macro   0x00022e1c      0x2e5 ./Middlewares/Third_Party/FatFs/src/ff_gen_drv.o
 .debug_macro   0x00023101      0x2d3 ./Middlewares/Third_Party/FatFs/src/option/ccsbcs.o

.debug_line     0x00000000    0x13eae
 .debug_line    0x00000000      0xe86 ./Core/Src/fatfs_sd.o
 .debug_line    0x00000e86      0xce8 ./Core/Src/main.o
 .debug_line    0x00001b6e      0x7ca ./Core/Src/stm32f4xx_hal_msp.o
 .debug_line    0x00002338      0x806 ./Core/Src/stm32f4xx_it.o
 .debug_line    0x00002b3e      0x588 ./Core/Src/sysmem.o
 .debug_line    0x000030c6      0x7a2 ./Core/Src/system_stm32f4xx.o
 .debug_line    0x00003868       0x7a ./Core/Startup/startup_stm32f446retx.o
 .debug_line    0x000038e2      0xa1e ./Drivers/STM32F4xx_HAL_Driver/Src/stm32f4xx_hal.o
 .debug_line    0x00004300      0xcee ./Drivers/STM32F4xx_HAL_Driver/Src/stm32f4xx_hal_cortex.o
 .debug_line    0x00004fee      0xf8a ./Drivers/STM32F4xx_HAL_Driver/Src/stm32f4xx_hal_dma.o
 .debug_line    0x00005f78      0xb62 ./Drivers/STM32F4xx_HAL_Driver/Src/stm32f4xx_hal_gpio.o
 .debug_line    0x00006ada      0xe39 ./Drivers/STM32F4xx_HAL_Driver/Src/stm32f4xx_hal_rcc.o
 .debug_line    0x00007913     0x14ea ./Drivers/STM32F4xx_HAL_Driver/Src/stm32f4xx_hal_rcc_ex.o
 .debug_line    0x00008dfd     0x1cb9 ./Drivers/STM32F4xx_HAL_Driver/Src/stm32f4xx_hal_spi.o
 .debug_line    0x0000aab6     0x2566 ./Drivers/STM32F4xx_HAL_Driver/Src/stm32f4xx_hal_uart.o
 .debug_line    0x0000d01c      0x91f ./FATFS/App/fatfs.o
 .debug_line    0x0000d93b      0x971 ./FATFS/Target/user_diskio.o
 .debug_line    0x0000e2ac      0x98d ./Middlewares/Third_Party/FatFs/src/diskio.o
 .debug_line    0x0000ec39     0x3ee7 ./Middlewares/Third_Party/FatFs/src/ff.o
 .debug_line    0x00012b20      0x9a8 ./Middlewares/Third_Party/FatFs/src/ff_gen_drv.o
 .debug_line    0x000134c8      0x9e6 ./Middlewares/Third_Party/FatFs/src/option/ccsbcs.o

.debug_str      0x00000000    0xcc558
 .debug_str     0x00000000    0xcc558 ./Core/Src/fatfs_sd.o
                              0xc4491 (size before relaxing)
 .debug_str     0x000cc558    0xc8998 ./Core/Src/main.o
 .debug_str     0x000cc558    0xc4986 ./Core/Src/stm32f4xx_hal_msp.o
 .debug_str     0x000cc558    0xc415a ./Core/Src/stm32f4xx_it.o
 .debug_str     0x000cc558     0x778f ./Core/Src/sysmem.o
 .debug_str     0x000cc558    0xc3caa ./Core/Src/system_stm32f4xx.o
 .debug_str     0x000cc558       0x91 ./Core/Startup/startup_stm32f446retx.o
 .debug_str     0x000cc558    0xc486f ./Drivers/STM32F4xx_HAL_Driver/Src/stm32f4xx_hal.o
 .debug_str     0x000cc558    0xc45c6 ./Drivers/STM32F4xx_HAL_Driver/Src/stm32f4xx_hal_cortex.o
 .debug_str     0x000cc558    0xc409f ./Drivers/STM32F4xx_HAL_Driver/Src/stm32f4xx_hal_dma.o
 .debug_str     0x000cc558    0xc3e25 ./Drivers/STM32F4xx_HAL_Driver/Src/stm32f4xx_hal_gpio.o
 .debug_str     0x000cc558    0xc40e3 ./Drivers/STM32F4xx_HAL_Driver/Src/stm32f4xx_hal_rcc.o
 .debug_str     0x000cc558    0xc4116 ./Drivers/STM32F4xx_HAL_Driver/Src/stm32f4xx_hal_rcc_ex.o
 .debug_str     0x000cc558    0xc4543 ./Drivers/STM32F4xx_HAL_Driver/Src/stm32f4xx_hal_spi.o
 .debug_str     0x000cc558    0xc469a ./Drivers/STM32F4xx_HAL_Driver/Src/stm32f4xx_hal_uart.o
 .debug_str     0x000cc558    0xc764c ./FATFS/App/fatfs.o
 .debug_str     0x000cc558    0xc7602 ./FATFS/Target/user_diskio.o
 .debug_str     0x000cc558    0xc7548 ./Middlewares/Third_Party/FatFs/src/diskio.o
 .debug_str     0x000cc558    0xc884f ./Middlewares/Third_Party/FatFs/src/ff.o
 .debug_str     0x000cc558    0xc7599 ./Middlewares/Third_Party/FatFs/src/ff_gen_drv.o
 .debug_str     0x000cc558    0xc731d ./Middlewares/Third_Party/FatFs/src/option/ccsbcs.o

.comment        0x00000000       0x43
 .comment       0x00000000       0x43 ./Core/Src/fatfs_sd.o
                                 0x44 (size before relaxing)
 .comment       0x00000043       0x44 ./Core/Src/main.o
 .comment       0x00000043       0x44 ./Core/Src/stm32f4xx_hal_msp.o
 .comment       0x00000043       0x44 ./Core/Src/stm32f4xx_it.o
 .comment       0x00000043       0x44 ./Core/Src/sysmem.o
 .comment       0x00000043       0x44 ./Core/Src/system_stm32f4xx.o
 .comment       0x00000043       0x44 ./Drivers/STM32F4xx_HAL_Driver/Src/stm32f4xx_hal.o
 .comment       0x00000043       0x44 ./Drivers/STM32F4xx_HAL_Driver/Src/stm32f4xx_hal_cortex.o
 .comment       0x00000043       0x44 ./Drivers/STM32F4xx_HAL_Driver/Src/stm32f4xx_hal_dma.o
 .comment       0x00000043       0x44 ./Drivers/STM32F4xx_HAL_Driver/Src/stm32f4xx_hal_gpio.o
 .comment       0x00000043       0x44 ./Drivers/STM32F4xx_HAL_Driver/Src/stm32f4xx_hal_rcc.o
 .comment       0x00000043       0x44 ./Drivers/STM32F4xx_HAL_Driver/Src/stm32f4xx_hal_rcc_ex.o
 .comment       0x00000043       0x44 ./Drivers/STM32F4xx_HAL_Driver/Src/stm32f4xx_hal_spi.o
 .comment       0x00000043       0x44 ./Drivers/STM32F4xx_HAL_Driver/Src/stm32f4xx_hal_uart.o
 .comment       0x00000043       0x44 ./FATFS/App/fatfs.o
 .comment       0x00000043       0x44 ./FATFS/Target/user_diskio.o
 .comment       0x00000043       0x44 ./Middlewares/Third_Party/FatFs/src/diskio.o
 .comment       0x00000043       0x44 ./Middlewares/Third_Party/FatFs/src/ff.o
 .comment       0x00000043       0x44 ./Middlewares/Third_Party/FatFs/src/ff_gen_drv.o
 .comment       0x00000043       0x44 ./Middlewares/Third_Party/FatFs/src/option/ccsbcs.o

.debug_frame    0x00000000     0x3b24
 .debug_frame   0x00000000      0x28c ./Core/Src/fatfs_sd.o
 .debug_frame   0x0000028c      0x19c ./Core/Src/main.o
 .debug_frame   0x00000428       0xc4 ./Core/Src/stm32f4xx_hal_msp.o
 .debug_frame   0x000004ec      0x120 ./Core/Src/stm32f4xx_it.o
 .debug_frame   0x0000060c       0x34 ./Core/Src/sysmem.o
 .debug_frame   0x00000640       0x58 ./Core/Src/system_stm32f4xx.o
 .debug_frame   0x00000698      0x374 ./Drivers/STM32F4xx_HAL_Driver/Src/stm32f4xx_hal.o
 .debug_frame   0x00000a0c      0x508 ./Drivers/STM32F4xx_HAL_Driver/Src/stm32f4xx_hal_cortex.o
 .debug_frame   0x00000f14      0x250 ./Drivers/STM32F4xx_HAL_Driver/Src/stm32f4xx_hal_dma.o
 .debug_frame   0x00001164      0x14c ./Drivers/STM32F4xx_HAL_Driver/Src/stm32f4xx_hal_gpio.o
 .debug_frame   0x000012b0      0x1f4 ./Drivers/STM32F4xx_HAL_Driver/Src/stm32f4xx_hal_rcc.o
 .debug_frame   0x000014a4      0x1e8 ./Drivers/STM32F4xx_HAL_Driver/Src/stm32f4xx_hal_rcc_ex.o
 .debug_frame   0x0000168c      0x828 ./Drivers/STM32F4xx_HAL_Driver/Src/stm32f4xx_hal_spi.o
 .debug_frame   0x00001eb4      0x954 ./Drivers/STM32F4xx_HAL_Driver/Src/stm32f4xx_hal_uart.o
 .debug_frame   0x00002808       0x4c ./FATFS/App/fatfs.o
 .debug_frame   0x00002854       0xc4 ./FATFS/Target/user_diskio.o
 .debug_frame   0x00002918       0xec ./Middlewares/Third_Party/FatFs/src/diskio.o
 .debug_frame   0x00002a04      0xa0c ./Middlewares/Third_Party/FatFs/src/ff.o
 .debug_frame   0x00003410       0xc8 ./Middlewares/Third_Party/FatFs/src/ff_gen_drv.o
 .debug_frame   0x000034d8       0x60 ./Middlewares/Third_Party/FatFs/src/option/ccsbcs.o
 .debug_frame   0x00003538      0x144 C:/ST/STM32CubeIDE_1.19.0/STM32CubeIDE/plugins/com.st.stm32cube.ide.mcu.externaltools.gnu-tools-for-stm32.13.3.rel1.win32_1.0.0.202411081344/tools/bin/../lib/gcc/arm-none-eabi/13.3.1/../../../../arm-none-eabi/lib/thumb/v7e-m+fp/hard\libc_nano.a(libc_a-findfp.o)
 .debug_frame   0x0000367c       0x74 C:/ST/STM32CubeIDE_1.19.0/STM32CubeIDE/plugins/com.st.stm32cube.ide.mcu.externaltools.gnu-tools-for-stm32.13.3.rel1.win32_1.0.0.202411081344/tools/bin/../lib/gcc/arm-none-eabi/13.3.1/../../../../arm-none-eabi/lib/thumb/v7e-m+fp/hard\libc_nano.a(libc_a-sprintf.o)
 .debug_frame   0x000036f0       0x20 C:/ST/STM32CubeIDE_1.19.0/STM32CubeIDE/plugins/com.st.stm32cube.ide.mcu.externaltools.gnu-tools-for-stm32.13.3.rel1.win32_1.0.0.202411081344/tools/bin/../lib/gcc/arm-none-eabi/13.3.1/../../../../arm-none-eabi/lib/thumb/v7e-m+fp/hard\libc_nano.a(libc_a-memset.o)
 .debug_frame   0x00003710       0x38 C:/ST/STM32CubeIDE_1.19.0/STM32CubeIDE/plugins/com.st.stm32cube.ide.mcu.externaltools.gnu-tools-for-stm32.13.3.rel1.win32_1.0.0.202411081344/tools/bin/../lib/gcc/arm-none-eabi/13.3.1/../../../../arm-none-eabi/lib/thumb/v7e-m+fp/hard\libc_nano.a(libc_a-reent.o)
 .debug_frame   0x00003748       0x20 C:/ST/STM32CubeIDE_1.19.0/STM32CubeIDE/plugins/com.st.stm32cube.ide.mcu.externaltools.gnu-tools-for-stm32.13.3.rel1.win32_1.0.0.202411081344/tools/bin/../lib/gcc/arm-none-eabi/13.3.1/../../../../arm-none-eabi/lib/thumb/v7e-m+fp/hard\libc_nano.a(libc_a-errno.o)
 .debug_frame   0x00003768       0x2c C:/ST/STM32CubeIDE_1.19.0/STM32CubeIDE/plugins/com.st.stm32cube.ide.mcu.externaltools.gnu-tools-for-stm32.13.3.rel1.win32_1.0.0.202411081344/tools/bin/../lib/gcc/arm-none-eabi/13.3.1/../../../../arm-none-eabi/lib/thumb/v7e-m+fp/hard\libc_nano.a(libc_a-init.o)
 .debug_frame   0x00003794       0xb0 C:/ST/STM32CubeIDE_1.19.0/STM32CubeIDE/plugins/com.st.stm32cube.ide.mcu.externaltools.gnu-tools-for-stm32.13.3.rel1.win32_1.0.0.202411081344/tools/bin/../lib/gcc/arm-none-eabi/13.3.1/../../../../arm-none-eabi/lib/thumb/v7e-m+fp/hard\libc_nano.a(libc_a-lock.o)
 .debug_frame   0x00003844       0x38 C:/ST/STM32CubeIDE_1.19.0/STM32CubeIDE/plugins/com.st.stm32cube.ide.mcu.externaltools.gnu-tools-for-stm32.13.3.rel1.win32_1.0.0.202411081344/tools/bin/../lib/gcc/arm-none-eabi/13.3.1/../../../../arm-none-eabi/lib/thumb/v7e-m+fp/hard\libc_nano.a(libc_a-freer.o)
 .debug_frame   0x0000387c       0x50 C:/ST/STM32CubeIDE_1.19.0/STM32CubeIDE/plugins/com.st.stm32cube.ide.mcu.externaltools.gnu-tools-for-stm32.13.3.rel1.win32_1.0.0.202411081344/tools/bin/../lib/gcc/arm-none-eabi/13.3.1/../../../../arm-none-eabi/lib/thumb/v7e-m+fp/hard\libc_nano.a(libc_a-mallocr.o)
 .debug_frame   0x000038cc       0x30 C:/ST/STM32CubeIDE_1.19.0/STM32CubeIDE/plugins/com.st.stm32cube.ide.mcu.externaltools.gnu-tools-for-stm32.13.3.rel1.win32_1.0.0.202411081344/tools/bin/../lib/gcc/arm-none-eabi/13.3.1/../../../../arm-none-eabi/lib/thumb/v7e-m+fp/hard\libc_nano.a(libc_a-mlock.o)
 .debug_frame   0x000038fc       0x90 C:/ST/STM32CubeIDE_1.19.0/STM32CubeIDE/plugins/com.st.stm32cube.ide.mcu.externaltools.gnu-tools-for-stm32.13.3.rel1.win32_1.0.0.202411081344/tools/bin/../lib/gcc/arm-none-eabi/13.3.1/../../../../arm-none-eabi/lib/thumb/v7e-m+fp/hard\libc_nano.a(libc_a-nano-svfprintf.o)
 .debug_frame   0x0000398c       0x60 C:/ST/STM32CubeIDE_1.19.0/STM32CubeIDE/plugins/com.st.stm32cube.ide.mcu.externaltools.gnu-tools-for-stm32.13.3.rel1.win32_1.0.0.202411081344/tools/bin/../lib/gcc/arm-none-eabi/13.3.1/../../../../arm-none-eabi/lib/thumb/v7e-m+fp/hard\libc_nano.a(libc_a-nano-vfprintf_i.o)
 .debug_frame   0x000039ec       0x28 C:/ST/STM32CubeIDE_1.19.0/STM32CubeIDE/plugins/com.st.stm32cube.ide.mcu.externaltools.gnu-tools-for-stm32.13.3.rel1.win32_1.0.0.202411081344/tools/bin/../lib/gcc/arm-none-eabi/13.3.1/../../../../arm-none-eabi/lib/thumb/v7e-m+fp/hard\libc_nano.a(libc_a-memmove.o)
 .debug_frame   0x00003a14       0x2c C:/ST/STM32CubeIDE_1.19.0/STM32CubeIDE/plugins/com.st.stm32cube.ide.mcu.externaltools.gnu-tools-for-stm32.13.3.rel1.win32_1.0.0.202411081344/tools/bin/../lib/gcc/arm-none-eabi/13.3.1/../../../../arm-none-eabi/lib/thumb/v7e-m+fp/hard\libc_nano.a(libc_a-sbrkr.o)
 .debug_frame   0x00003a40       0x28 C:/ST/STM32CubeIDE_1.19.0/STM32CubeIDE/plugins/com.st.stm32cube.ide.mcu.externaltools.gnu-tools-for-stm32.13.3.rel1.win32_1.0.0.202411081344/tools/bin/../lib/gcc/arm-none-eabi/13.3.1/../../../../arm-none-eabi/lib/thumb/v7e-m+fp/hard\libc_nano.a(libc_a-memcpy-stub.o)
 .debug_frame   0x00003a68       0x3c C:/ST/STM32CubeIDE_1.19.0/STM32CubeIDE/plugins/com.st.stm32cube.ide.mcu.externaltools.gnu-tools-for-stm32.13.3.rel1.win32_1.0.0.202411081344/tools/bin/../lib/gcc/arm-none-eabi/13.3.1/../../../../arm-none-eabi/lib/thumb/v7e-m+fp/hard\libc_nano.a(libc_a-reallocr.o)
 .debug_frame   0x00003aa4       0x20 C:/ST/STM32CubeIDE_1.19.0/STM32CubeIDE/plugins/com.st.stm32cube.ide.mcu.externaltools.gnu-tools-for-stm32.13.3.rel1.win32_1.0.0.202411081344/tools/bin/../lib/gcc/arm-none-eabi/13.3.1/../../../../arm-none-eabi/lib/thumb/v7e-m+fp/hard\libc_nano.a(libc_a-msizer.o)
 .debug_frame   0x00003ac4       0x2c C:/ST/STM32CubeIDE_1.19.0/STM32CubeIDE/plugins/com.st.stm32cube.ide.mcu.externaltools.gnu-tools-for-stm32.13.3.rel1.win32_1.0.0.202411081344/tools/bin/../lib/gcc/arm-none-eabi/13.3.1/thumb/v7e-m+fp/hard\libgcc.a(_aeabi_uldivmod.o)
 .debug_frame   0x00003af0       0x34 C:/ST/STM32CubeIDE_1.19.0/STM32CubeIDE/plugins/com.st.stm32cube.ide.mcu.externaltools.gnu-tools-for-stm32.13.3.rel1.win32_1.0.0.202411081344/tools/bin/../lib/gcc/arm-none-eabi/13.3.1/thumb/v7e-m+fp/hard\libgcc.a(_udivmoddi4.o)

.debug_line_str
                0x00000000       0x75
 .debug_line_str
                0x00000000       0x75 ./Core/Startup/startup_stm32f446retx.o